
> robust-virtual-tour-builder@4.3.0 res:build
> rescript

Cleaned 0/122
Parsed 32 source files
Compiled 53 modules

  [1;33mWarning number 3[0m
  [36m/Users/r2/Desktop/robust-virtual-tour-builder/src/ReBindings.res[0m:[2m177:37-45[0m

  175 [2m┆[0m /* Added bindings */
  176 [2m┆[0m @send external removeElement: element => unit = "remove"
  [1;33m177[0m [2m┆[0m @get external dataset: element => [1;33mJs.Dict.t[0m<string> = "dataset"
  178 [2m┆[0m @set external setClassName: (element, string) => unit = "className"
  179 [2m┆[0m @get external getClassName: element => string = "className"

  deprecated: Js.Dict.t
  Use `dict` directly instead.

  This can be automatically migrated by the ReScript migration tool. Run `rescript-tools migrate-all <project-root>` to run all automatic migrations available in your project, or `rescript-tools migrate <file>` to migrate a single file.


  [1;33mWarning number 3[0m
  [36m/Users/r2/Desktop/robust-virtual-tour-builder/tests/unit/InputSystemTest.res[0m:[2m95:10-28[0m

  93 [2m┆[0m // Verify close button selector pattern
  94 [2m┆[0m let closeButtonSelector = "#btn-close-style, #btn-new-cancel, #btn-clos
     [2m┆[0m e-about"
  [1;33m95[0m [2m┆[0m assert([1;33mJs.String2.includes[0m(closeButtonSelector, "#btn-close-style"))
  96 [2m┆[0m assert(Js.String2.includes(closeButtonSelector, "#btn-new-cancel"))
  97 [2m┆[0m assert(Js.String2.includes(closeButtonSelector, "#btn-close-about"))

  deprecated: Js.String2.includes
  Use `String.includes` instead

  This can be automatically migrated by the ReScript migration tool. Run `rescript-tools migrate-all <project-root>` to run all automatic migrations available in your project, or `rescript-tools migrate <file>` to migrate a single file.


  [1;33mWarning number 3[0m
  [36m/Users/r2/Desktop/robust-virtual-tour-builder/tests/unit/InputSystemTest.res[0m:[2m96:10-28[0m

  94 [2m┆[0m let closeButtonSelector = "#btn-close-style, #btn-new-cancel, #btn-clos
     [2m┆[0m e-about"
  95 [2m┆[0m assert(Js.String2.includes(closeButtonSelector, "#btn-close-style"))
  [1;33m96[0m [2m┆[0m assert([1;33mJs.String2.includes[0m(closeButtonSelector, "#btn-new-cancel"))
  97 [2m┆[0m assert(Js.String2.includes(closeButtonSelector, "#btn-close-about"))
  98 [2m┆[0m Console.log("✓ Close button selector pattern")

  deprecated: Js.String2.includes
  Use `String.includes` instead

  This can be automatically migrated by the ReScript migration tool. Run `rescript-tools migrate-all <project-root>` to run all automatic migrations available in your project, or `rescript-tools migrate <file>` to migrate a single file.


  [1;33mWarning number 3[0m
  [36m/Users/r2/Desktop/robust-virtual-tour-builder/tests/unit/InputSystemTest.res[0m:[2m97:10-28[0m

  95 [2m┆[0m assert(Js.String2.includes(closeButtonSelector, "#btn-close-style"))
  96 [2m┆[0m assert(Js.String2.includes(closeButtonSelector, "#btn-new-cancel"))
  [1;33m97[0m [2m┆[0m assert([1;33mJs.String2.includes[0m(closeButtonSelector, "#btn-close-about"))
  98 [2m┆[0m Console.log("✓ Close button selector pattern")
  99 [2m┆[0m 

  deprecated: Js.String2.includes
  Use `String.includes` instead

  This can be automatically migrated by the ReScript migration tool. Run `rescript-tools migrate-all <project-root>` to run all automatic migrations available in your project, or `rescript-tools migrate <file>` to migrate a single file.


  [1;33mWarning number 3[0m
  [36m/Users/r2/Desktop/robust-virtual-tour-builder/tests/unit/InputSystemTest.res[0m:[2m102:10-28[0m

  100 [2m┆[0m // Verify fallback cancel button selector
  101 [2m┆[0m let fallbackSelector = "button[id*='cancel'], button[id*='close'], .bt
      [2m┆[0m n-secondary"
  [1;33m102[0m [2m┆[0m assert([1;33mJs.String2.includes[0m(fallbackSelector, "cancel"))
  103 [2m┆[0m assert(Js.String2.includes(fallbackSelector, "close"))
  104 [2m┆[0m assert(Js.String2.includes(fallbackSelector, ".btn-secondary"))

  deprecated: Js.String2.includes
  Use `String.includes` instead

  This can be automatically migrated by the ReScript migration tool. Run `rescript-tools migrate-all <project-root>` to run all automatic migrations available in your project, or `rescript-tools migrate <file>` to migrate a single file.


  [1;33mWarning number 3[0m
  [36m/Users/r2/Desktop/robust-virtual-tour-builder/tests/unit/InputSystemTest.res[0m:[2m103:10-28[0m

  101 [2m┆[0m let fallbackSelector = "button[id*='cancel'], button[id*='close'], .bt
      [2m┆[0m n-secondary"
  102 [2m┆[0m assert(Js.String2.includes(fallbackSelector, "cancel"))
  [1;33m103[0m [2m┆[0m assert([1;33mJs.String2.includes[0m(fallbackSelector, "close"))
  104 [2m┆[0m assert(Js.String2.includes(fallbackSelector, ".btn-secondary"))
  105 [2m┆[0m Console.log("✓ Fallback cancel button selector pattern")

  deprecated: Js.String2.includes
  Use `String.includes` instead

  This can be automatically migrated by the ReScript migration tool. Run `rescript-tools migrate-all <project-root>` to run all automatic migrations available in your project, or `rescript-tools migrate <file>` to migrate a single file.


  [1;33mWarning number 3[0m
  [36m/Users/r2/Desktop/robust-virtual-tour-builder/tests/unit/InputSystemTest.res[0m:[2m104:10-28[0m

  102 [2m┆[0m assert(Js.String2.includes(fallbackSelector, "cancel"))
  103 [2m┆[0m assert(Js.String2.includes(fallbackSelector, "close"))
  [1;33m104[0m [2m┆[0m assert([1;33mJs.String2.includes[0m(fallbackSelector, ".btn-secondary"))
  105 [2m┆[0m Console.log("✓ Fallback cancel button selector pattern")
  106 [2m┆[0m 

  deprecated: Js.String2.includes
  Use `String.includes` instead

  This can be automatically migrated by the ReScript migration tool. Run `rescript-tools migrate-all <project-root>` to run all automatic migrations available in your project, or `rescript-tools migrate <file>` to migrate a single file.


  [1;33mWarning number 3[0m
  [36m/Users/r2/Desktop/robust-virtual-tour-builder/tests/unit/VersionTest.res[0m:[2m12:5-21[0m

  10 [2m┆[0m if v == "" {
  11 [2m┆[0m   Console.error("VersionTest Failed: getVersion() returned empty string
     [2m┆[0m ")
  [1;33m12[0m [2m┆[0m   [1;33mJs.Exn.raiseError[0m("VersionTest Failed")
  13 [2m┆[0m }
  14 [2m┆[0m 

  deprecated: Js.Exn.raiseError
  Use `JsError.throwWithMessage` instead

  This can be automatically migrated by the ReScript migration tool. Run `rescript-tools migrate-all <project-root>` to run all automatic migrations available in your project, or `rescript-tools migrate <file>` to migrate a single file.


  [1;33mWarning number 3[0m
  [36m/Users/r2/Desktop/robust-virtual-tour-builder/tests/unit/VersionTest.res[0m:[2m20:6-14[0m

  18 [2m┆[0m 
  19 [2m┆[0m // Ensure it's a string, even if empty, though usually it has content
  [1;33m20[0m [2m┆[0m if [1;33mJs.typeof[0m(info) != "string" {
  21 [2m┆[0m   Console.error("VersionTest Failed: getBuildInfo() did not return a st
     [2m┆[0m ring")
  22 [2m┆[0m   Js.Exn.raiseError("VersionTest Failed")

  deprecated: Js.typeof
  Use `typeof` instead.

  This can be automatically migrated by the ReScript migration tool. Run `rescript-tools migrate-all <project-root>` to run all automatic migrations available in your project, or `rescript-tools migrate <file>` to migrate a single file.


  [1;33mWarning number 3[0m
  [36m/Users/r2/Desktop/robust-virtual-tour-builder/tests/unit/VersionTest.res[0m:[2m22:5-21[0m

  20 [2m┆[0m if Js.typeof(info) != "string" {
  21 [2m┆[0m   Console.error("VersionTest Failed: getBuildInfo() did not return a st
     [2m┆[0m ring")
  [1;33m22[0m [2m┆[0m   [1;33mJs.Exn.raiseError[0m("VersionTest Failed")
  23 [2m┆[0m }
  24 [2m┆[0m 

  deprecated: Js.Exn.raiseError
  Use `JsError.throwWithMessage` instead

  This can be automatically migrated by the ReScript migration tool. Run `rescript-tools migrate-all <project-root>` to run all automatic migrations available in your project, or `rescript-tools migrate <file>` to migrate a single file.


  [1;33mWarning number 3[0m
  [36m/Users/r2/Desktop/robust-virtual-tour-builder/tests/unit/VersionTest.res[0m:[2m38:5-21[0m

  36 [2m┆[0m     full,
  37 [2m┆[0m   )
  [1;33m38[0m [2m┆[0m   [1;33mJs.Exn.raiseError[0m("VersionTest Failed")
  39 [2m┆[0m }
  40 [2m┆[0m 

  deprecated: Js.Exn.raiseError
  Use `JsError.throwWithMessage` instead

  This can be automatically migrated by the ReScript migration tool. Run `rescript-tools migrate-all <project-root>` to run all automatic migrations available in your project, or `rescript-tools migrate <file>` to migrate a single file.


  [1;33mWarning number 45[0m
  [36m/Users/r2/Desktop/robust-virtual-tour-builder/src/core/ReducerHelpers.res[0m:[2m2:1-10[0m

  1 [2m│[0m open JsonTypes
  [1;33m2[0m [2m│[0m [1;33mopen Types[0m
  3 [2m│[0m 
  4 [2m│[0m // Helper for array insertion

  this open statement shadows the label linkId (which is later used)


  [1;33mWarning number 45[0m
  [36m/Users/r2/Desktop/robust-virtual-tour-builder/src/core/ReducerHelpers.res[0m:[2m2:1-10[0m

  1 [2m│[0m open JsonTypes
  [1;33m2[0m [2m│[0m [1;33mopen Types[0m
  3 [2m│[0m 
  4 [2m│[0m // Helper for array insertion

  this open statement shadows the label yaw (which is later used)


  [1;33mWarning number 45[0m
  [36m/Users/r2/Desktop/robust-virtual-tour-builder/src/core/ReducerHelpers.res[0m:[2m2:1-10[0m

  1 [2m│[0m open JsonTypes
  [1;33m2[0m [2m│[0m [1;33mopen Types[0m
  3 [2m│[0m 
  4 [2m│[0m // Helper for array insertion

  this open statement shadows the label pitch (which is later used)


  [1;33mWarning number 45[0m
  [36m/Users/r2/Desktop/robust-virtual-tour-builder/src/core/ReducerHelpers.res[0m:[2m2:1-10[0m

  1 [2m│[0m open JsonTypes
  [1;33m2[0m [2m│[0m [1;33mopen Types[0m
  3 [2m│[0m 
  4 [2m│[0m // Helper for array insertion

  this open statement shadows the label target (which is later used)


  [1;33mWarning number 45[0m
  [36m/Users/r2/Desktop/robust-virtual-tour-builder/src/core/ReducerHelpers.res[0m:[2m2:1-10[0m

  1 [2m│[0m open JsonTypes
  [1;33m2[0m [2m│[0m [1;33mopen Types[0m
  3 [2m│[0m 
  4 [2m│[0m // Helper for array insertion

  this open statement shadows the label targetYaw (which is later used)


  [1;33mWarning number 45[0m
  [36m/Users/r2/Desktop/robust-virtual-tour-builder/src/core/ReducerHelpers.res[0m:[2m2:1-10[0m

  1 [2m│[0m open JsonTypes
  [1;33m2[0m [2m│[0m [1;33mopen Types[0m
  3 [2m│[0m 
  4 [2m│[0m // Helper for array insertion

  this open statement shadows the label targetPitch (which is later used)


  [1;33mWarning number 45[0m
  [36m/Users/r2/Desktop/robust-virtual-tour-builder/src/core/ReducerHelpers.res[0m:[2m2:1-10[0m

  1 [2m│[0m open JsonTypes
  [1;33m2[0m [2m│[0m [1;33mopen Types[0m
  3 [2m│[0m 
  4 [2m│[0m // Helper for array insertion

  this open statement shadows the label targetHfov (which is later used)


  [1;33mWarning number 45[0m
  [36m/Users/r2/Desktop/robust-virtual-tour-builder/src/core/ReducerHelpers.res[0m:[2m2:1-10[0m

  1 [2m│[0m open JsonTypes
  [1;33m2[0m [2m│[0m [1;33mopen Types[0m
  3 [2m│[0m 
  4 [2m│[0m // Helper for array insertion

  this open statement shadows the label startYaw (which is later used)


  [1;33mWarning number 45[0m
  [36m/Users/r2/Desktop/robust-virtual-tour-builder/src/core/ReducerHelpers.res[0m:[2m2:1-10[0m

  1 [2m│[0m open JsonTypes
  [1;33m2[0m [2m│[0m [1;33mopen Types[0m
  3 [2m│[0m 
  4 [2m│[0m // Helper for array insertion

  this open statement shadows the label startPitch (which is later used)


  [1;33mWarning number 45[0m
  [36m/Users/r2/Desktop/robust-virtual-tour-builder/src/core/ReducerHelpers.res[0m:[2m2:1-10[0m

  1 [2m│[0m open JsonTypes
  [1;33m2[0m [2m│[0m [1;33mopen Types[0m
  3 [2m│[0m 
  4 [2m│[0m // Helper for array insertion

  this open statement shadows the label startHfov (which is later used)


  [1;33mWarning number 45[0m
  [36m/Users/r2/Desktop/robust-virtual-tour-builder/src/core/ReducerHelpers.res[0m:[2m2:1-10[0m

  1 [2m│[0m open JsonTypes
  [1;33m2[0m [2m│[0m [1;33mopen Types[0m
  3 [2m│[0m 
  4 [2m│[0m // Helper for array insertion

  this open statement shadows the label isReturnLink (which is later used)


  [1;33mWarning number 45[0m
  [36m/Users/r2/Desktop/robust-virtual-tour-builder/src/core/ReducerHelpers.res[0m:[2m2:1-10[0m

  1 [2m│[0m open JsonTypes
  [1;33m2[0m [2m│[0m [1;33mopen Types[0m
  3 [2m│[0m 
  4 [2m│[0m // Helper for array insertion

  this open statement shadows the label viewFrame (which is later used)


  [1;33mWarning number 45[0m
  [36m/Users/r2/Desktop/robust-virtual-tour-builder/src/core/ReducerHelpers.res[0m:[2m2:1-10[0m

  1 [2m│[0m open JsonTypes
  [1;33m2[0m [2m│[0m [1;33mopen Types[0m
  3 [2m│[0m 
  4 [2m│[0m // Helper for array insertion

  this open statement shadows the label returnViewFrame (which is later used)


  [1;33mWarning number 45[0m
  [36m/Users/r2/Desktop/robust-virtual-tour-builder/src/core/ReducerHelpers.res[0m:[2m2:1-10[0m

  1 [2m│[0m open JsonTypes
  [1;33m2[0m [2m│[0m [1;33mopen Types[0m
  3 [2m│[0m 
  4 [2m│[0m // Helper for array insertion

  this open statement shadows the label waypoints (which is later used)


  [1;33mWarning number 45[0m
  [36m/Users/r2/Desktop/robust-virtual-tour-builder/src/core/ReducerHelpers.res[0m:[2m2:1-10[0m

  1 [2m│[0m open JsonTypes
  [1;33m2[0m [2m│[0m [1;33mopen Types[0m
  3 [2m│[0m 
  4 [2m│[0m // Helper for array insertion

  this open statement shadows the label displayPitch (which is later used)


  [1;33mWarning number 45[0m
  [36m/Users/r2/Desktop/robust-virtual-tour-builder/src/core/ReducerHelpers.res[0m:[2m2:1-10[0m

  1 [2m│[0m open JsonTypes
  [1;33m2[0m [2m│[0m [1;33mopen Types[0m
  3 [2m│[0m 
  4 [2m│[0m // Helper for array insertion

  this open statement shadows the label transition (which is later used)


  [1;33mWarning number 45[0m
  [36m/Users/r2/Desktop/robust-virtual-tour-builder/src/core/ReducerHelpers.res[0m:[2m2:1-10[0m

  1 [2m│[0m open JsonTypes
  [1;33m2[0m [2m│[0m [1;33mopen Types[0m
  3 [2m│[0m 
  4 [2m│[0m // Helper for array insertion

  this open statement shadows the label duration (which is later used)


  [1;33mWarning number 45[0m
  [36m/Users/r2/Desktop/robust-virtual-tour-builder/src/core/ReducerHelpers.res[0m:[2m2:1-10[0m

  1 [2m│[0m open JsonTypes
  [1;33m2[0m [2m│[0m [1;33mopen Types[0m
  3 [2m│[0m 
  4 [2m│[0m // Helper for array insertion

  this open statement shadows the label hfov (which is later used)


  [1;33mWarning number 45[0m
  [36m/Users/r2/Desktop/robust-virtual-tour-builder/src/core/ReducerHelpers.res[0m:[2m2:1-10[0m

  1 [2m│[0m open JsonTypes
  [1;33m2[0m [2m│[0m [1;33mopen Types[0m
  3 [2m│[0m 
  4 [2m│[0m // Helper for array insertion

  this open statement shadows the label id (which is later used)


  [1;33mWarning number 45[0m
  [36m/Users/r2/Desktop/robust-virtual-tour-builder/src/core/ReducerHelpers.res[0m:[2m2:1-10[0m

  1 [2m│[0m open JsonTypes
  [1;33m2[0m [2m│[0m [1;33mopen Types[0m
  3 [2m│[0m 
  4 [2m│[0m // Helper for array insertion

  this open statement shadows the label name (which is later used)


  [1;33mWarning number 45[0m
  [36m/Users/r2/Desktop/robust-virtual-tour-builder/src/core/ReducerHelpers.res[0m:[2m2:1-10[0m

  1 [2m│[0m open JsonTypes
  [1;33m2[0m [2m│[0m [1;33mopen Types[0m
  3 [2m│[0m 
  4 [2m│[0m // Helper for array insertion

  this open statement shadows the label file (which is later used)


  [1;33mWarning number 45[0m
  [36m/Users/r2/Desktop/robust-virtual-tour-builder/src/core/ReducerHelpers.res[0m:[2m2:1-10[0m

  1 [2m│[0m open JsonTypes
  [1;33m2[0m [2m│[0m [1;33mopen Types[0m
  3 [2m│[0m 
  4 [2m│[0m // Helper for array insertion

  this open statement shadows the label tinyFile (which is later used)


  [1;33mWarning number 45[0m
  [36m/Users/r2/Desktop/robust-virtual-tour-builder/src/core/ReducerHelpers.res[0m:[2m2:1-10[0m

  1 [2m│[0m open JsonTypes
  [1;33m2[0m [2m│[0m [1;33mopen Types[0m
  3 [2m│[0m 
  4 [2m│[0m // Helper for array insertion

  this open statement shadows the label originalFile (which is later used)


  [1;33mWarning number 45[0m
  [36m/Users/r2/Desktop/robust-virtual-tour-builder/src/core/ReducerHelpers.res[0m:[2m2:1-10[0m

  1 [2m│[0m open JsonTypes
  [1;33m2[0m [2m│[0m [1;33mopen Types[0m
  3 [2m│[0m 
  4 [2m│[0m // Helper for array insertion

  this open statement shadows the label hotspots (which is later used)


  [1;33mWarning number 45[0m
  [36m/Users/r2/Desktop/robust-virtual-tour-builder/src/core/ReducerHelpers.res[0m:[2m2:1-10[0m

  1 [2m│[0m open JsonTypes
  [1;33m2[0m [2m│[0m [1;33mopen Types[0m
  3 [2m│[0m 
  4 [2m│[0m // Helper for array insertion

  this open statement shadows the label category (which is later used)


  [1;33mWarning number 45[0m
  [36m/Users/r2/Desktop/robust-virtual-tour-builder/src/core/ReducerHelpers.res[0m:[2m2:1-10[0m

  1 [2m│[0m open JsonTypes
  [1;33m2[0m [2m│[0m [1;33mopen Types[0m
  3 [2m│[0m 
  4 [2m│[0m // Helper for array insertion

  this open statement shadows the label floor (which is later used)


  [1;33mWarning number 45[0m
  [36m/Users/r2/Desktop/robust-virtual-tour-builder/src/core/ReducerHelpers.res[0m:[2m2:1-10[0m

  1 [2m│[0m open JsonTypes
  [1;33m2[0m [2m│[0m [1;33mopen Types[0m
  3 [2m│[0m 
  4 [2m│[0m // Helper for array insertion

  this open statement shadows the label label (which is later used)


  [1;33mWarning number 45[0m
  [36m/Users/r2/Desktop/robust-virtual-tour-builder/src/core/ReducerHelpers.res[0m:[2m2:1-10[0m

  1 [2m│[0m open JsonTypes
  [1;33m2[0m [2m│[0m [1;33mopen Types[0m
  3 [2m│[0m 
  4 [2m│[0m // Helper for array insertion

  this open statement shadows the label quality (which is later used)


  [1;33mWarning number 45[0m
  [36m/Users/r2/Desktop/robust-virtual-tour-builder/src/core/ReducerHelpers.res[0m:[2m2:1-10[0m

  1 [2m│[0m open JsonTypes
  [1;33m2[0m [2m│[0m [1;33mopen Types[0m
  3 [2m│[0m 
  4 [2m│[0m // Helper for array insertion

  this open statement shadows the label colorGroup (which is later used)


  [1;33mWarning number 45[0m
  [36m/Users/r2/Desktop/robust-virtual-tour-builder/src/core/ReducerHelpers.res[0m:[2m2:1-10[0m

  1 [2m│[0m open JsonTypes
  [1;33m2[0m [2m│[0m [1;33mopen Types[0m
  3 [2m│[0m 
  4 [2m│[0m // Helper for array insertion

  this open statement shadows the label categorySet (which is later used)


  [1;33mWarning number 45[0m
  [36m/Users/r2/Desktop/robust-virtual-tour-builder/src/core/ReducerHelpers.res[0m:[2m2:1-10[0m

  1 [2m│[0m open JsonTypes
  [1;33m2[0m [2m│[0m [1;33mopen Types[0m
  3 [2m│[0m 
  4 [2m│[0m // Helper for array insertion

  this open statement shadows the label labelSet (which is later used)


  [1;33mWarning number 45[0m
  [36m/Users/r2/Desktop/robust-virtual-tour-builder/src/core/ReducerHelpers.res[0m:[2m2:1-10[0m

  1 [2m│[0m open JsonTypes
  [1;33m2[0m [2m│[0m [1;33mopen Types[0m
  3 [2m│[0m 
  4 [2m│[0m // Helper for array insertion

  this open statement shadows the label isAutoForward (which is later used)


  [1;33mWarning number 45[0m
  [36m/Users/r2/Desktop/robust-virtual-tour-builder/src/core/ReducerHelpers.res[0m:[2m2:1-10[0m

  1 [2m│[0m open JsonTypes
  [1;33m2[0m [2m│[0m [1;33mopen Types[0m
  3 [2m│[0m 
  4 [2m│[0m // Helper for array insertion

  this open statement shadows the label tourName (which is later used)


  [1;33mWarning number 45[0m
  [36m/Users/r2/Desktop/robust-virtual-tour-builder/src/core/ReducerHelpers.res[0m:[2m2:1-10[0m

  1 [2m│[0m open JsonTypes
  [1;33m2[0m [2m│[0m [1;33mopen Types[0m
  3 [2m│[0m 
  4 [2m│[0m // Helper for array insertion

  this open statement shadows the label scenes (which is later used)


  [1;33mWarning number 45[0m
  [36m/Users/r2/Desktop/robust-virtual-tour-builder/src/core/ReducerHelpers.res[0m:[2m2:1-10[0m

  1 [2m│[0m open JsonTypes
  [1;33m2[0m [2m│[0m [1;33mopen Types[0m
  3 [2m│[0m 
  4 [2m│[0m // Helper for array insertion

  this open statement shadows the label sceneId (which is later used)


  [1;33mWarning number 45[0m
  [36m/Users/r2/Desktop/robust-virtual-tour-builder/src/core/ReducerHelpers.res[0m:[2m2:1-10[0m

  1 [2m│[0m open JsonTypes
  [1;33m2[0m [2m│[0m [1;33mopen Types[0m
  3 [2m│[0m 
  4 [2m│[0m // Helper for array insertion

  this open statement shadows the label targetScene (which is later used)


  [1;33mWarning number 3[0m
  [36m/Users/r2/Desktop/robust-virtual-tour-builder/tests/unit/TourTemplatesTest.res[0m:[2m5:3-16[0m

  3 [2m│[0m 
  4 [2m│[0m let run = () => {
  [1;33m5[0m [2m│[0m   [1;33mJs.Console.log[0m("Running TourTemplates tests...")
  6 [2m│[0m 
  7 [2m│[0m   let mockViewFrame: viewFrame = {

  deprecated: Js.Console.log
  Use `Console.log` instead.

  This can be automatically migrated by the ReScript migration tool. Run `rescript-tools migrate-all <project-root>` to run all automatic migrations available in your project, or `rescript-tools migrate <file>` to migrate a single file.


  [1;33mWarning number 3[0m
  [36m/Users/r2/Desktop/robust-virtual-tour-builder/tests/unit/TourTemplatesTest.res[0m:[2m72:9-27[0m

  70 [2m┆[0m 
  71 [2m┆[0m let assertContains = (str, substr) => {
  [1;33m72[0m [2m┆[0m   if ![1;33mJs.String2.includes[0m(str, substr) {
  73 [2m┆[0m     Js.Console.error(`Expected string to contain "${substr}", but it di
     [2m┆[0m dn't.`)
  74 [2m┆[0m     // Don't log full string if it's huge, but here it's fine for debug
     [2m┆[0m ging

  deprecated: Js.String2.includes
  Use `String.includes` instead

  This can be automatically migrated by the ReScript migration tool. Run `rescript-tools migrate-all <project-root>` to run all automatic migrations available in your project, or `rescript-tools migrate <file>` to migrate a single file.


  [1;33mWarning number 3[0m
  [36m/Users/r2/Desktop/robust-virtual-tour-builder/tests/unit/TourTemplatesTest.res[0m:[2m73:7-22[0m

  71 [2m┆[0m let assertContains = (str, substr) => {
  72 [2m┆[0m   if !Js.String2.includes(str, substr) {
  [1;33m73[0m [2m┆[0m     [1;33mJs.Console.error[0m(`Expected string to contain "${substr}", but it di
     [2m┆[0m [1;33mdn't.`)[0m
  74 [2m┆[0m     // Don't log full string if it's huge, but here it's fine for debug
     [2m┆[0m ging
  75 [2m┆[0m     // Js.Console.log(`String content: ${str}`)

  deprecated: Js.Console.error
  Use `Console.error` instead.

  This can be automatically migrated by the ReScript migration tool. Run `rescript-tools migrate-all <project-root>` to run all automatic migrations available in your project, or `rescript-tools migrate <file>` to migrate a single file.


  [1;33mWarning number 3[0m
  [36m/Users/r2/Desktop/robust-virtual-tour-builder/tests/unit/TourTemplatesTest.res[0m:[2m80:3-16[0m

  78 [2m┆[0m }
  79 [2m┆[0m 
  [1;33m80[0m [2m┆[0m [1;33mJs.Console.log[0m("Test: generateTourHTML basic structure")
  81 [2m┆[0m let tourName = "My Awesome Tour"
  82 [2m┆[0m let hasLogo = true

  deprecated: Js.Console.log
  Use `Console.log` instead.

  This can be automatically migrated by the ReScript migration tool. Run `rescript-tools migrate-all <project-root>` to run all automatic migrations available in your project, or `rescript-tools migrate <file>` to migrate a single file.


  [1;33mWarning number 3[0m
  [36m/Users/r2/Desktop/robust-virtual-tour-builder/tests/unit/TourTemplatesTest.res[0m:[2m113:3-16[0m

  111 [2m┆[0m assertContains(html, "\"target\":\"scene2\"")
  112 [2m┆[0m 
  [1;33m113[0m [2m┆[0m [1;33mJs.Console.log[0m("Test: generateTourHTML with no logo")
  114 [2m┆[0m let htmlNoLogo = generateTourHTML(
  115 [2m┆[0m   [mockScene1],

  deprecated: Js.Console.log
  Use `Console.log` instead.

  This can be automatically migrated by the ReScript migration tool. Run `rescript-tools migrate-all <project-root>` to run all automatic migrations available in your project, or `rescript-tools migrate <file>` to migrate a single file.


  [1;33mWarning number 3[0m
  [36m/Users/r2/Desktop/robust-virtual-tour-builder/tests/unit/TourTemplatesTest.res[0m:[2m125:6-24[0m

  123 [2m┆[0m 
  124 [2m┆[0m assertContains(html, "assets/logo.png") // Original had it
  [1;33m125[0m [2m┆[0m if [1;33mJs.String2.includes[0m(htmlNoLogo, "assets/logo.png") {
  126 [2m┆[0m   Js.Console.error("Expected htmlNoLogo to NOT contain logo, but it di
      [2m┆[0m d.")
  127 [2m┆[0m   assert(false)

  deprecated: Js.String2.includes
  Use `String.includes` instead

  This can be automatically migrated by the ReScript migration tool. Run `rescript-tools migrate-all <project-root>` to run all automatic migrations available in your project, or `rescript-tools migrate <file>` to migrate a single file.


  [1;33mWarning number 3[0m
  [36m/Users/r2/Desktop/robust-virtual-tour-builder/tests/unit/TourTemplatesTest.res[0m:[2m126:5-20[0m

  124 [2m┆[0m assertContains(html, "assets/logo.png") // Original had it
  125 [2m┆[0m if Js.String2.includes(htmlNoLogo, "assets/logo.png") {
  [1;33m126[0m [2m┆[0m   [1;33mJs.Console.error[0m("Expected htmlNoLogo to NOT contain logo, but it di
      [2m┆[0m [1;33md.")[0m
  127 [2m┆[0m   assert(false)
  128 [2m┆[0m }

  deprecated: Js.Console.error
  Use `Console.error` instead.

  This can be automatically migrated by the ReScript migration tool. Run `rescript-tools migrate-all <project-root>` to run all automatic migrations available in your project, or `rescript-tools migrate <file>` to migrate a single file.


  [1;33mWarning number 3[0m
  [36m/Users/r2/Desktop/robust-virtual-tour-builder/tests/unit/TourTemplatesTest.res[0m:[2m130:3-16[0m

  128 [2m│[0m   }
  129 [2m│[0m 
  [1;33m130[0m [2m│[0m   [1;33mJs.Console.log[0m("✓ TourTemplates tests pass")
  131 [2m│[0m }
  132 [2m│[0m 

  deprecated: Js.Console.log
  Use `Console.log` instead.

  This can be automatically migrated by the ReScript migration tool. Run `rescript-tools migrate-all <project-root>` to run all automatic migrations available in your project, or `rescript-tools migrate <file>` to migrate a single file.


  [1;33mWarning number 33[0m
  [36m/Users/r2/Desktop/robust-virtual-tour-builder/tests/unit/ReBindingsTest.res[0m:[2m1:1-15[0m

  [1;33m1[0m [2m│[0m [1;33mopen ReBindings[0m
  2 [2m│[0m 
  3 [2m│[0m let run = () => {

  unused open ReBindings.


  [1;33mWarning number 33[0m
  [36m/Users/r2/Desktop/robust-virtual-tour-builder/src/core/SharedTypes.res[0m:[2m4:1-15[0m

  2 [2m│[0m /* Unified Type Definitions mirroring Backend Structs */
  3 [2m│[0m 
  [1;33m4[0m [2m│[0m [1;33mopen ReBindings[0m
  5 [2m│[0m 
  6 [2m│[0m /* --- XMP / GPano Types --- */

  unused open ReBindings.


  [1;33mWarning number 33[0m
  [36m/Users/r2/Desktop/robust-virtual-tour-builder/tests/unit/TourTemplateStylesTest.res[0m:[2m1:1-15[0m

  [1;33m1[0m [2m│[0m [1;33mopen ReBindings[0m
  2 [2m│[0m open TourTemplateStyles
  3 [2m│[0m 

  unused open ReBindings.


  [1;33mWarning number 33[0m
  [36m/Users/r2/Desktop/robust-virtual-tour-builder/tests/unit/TourTemplateAssetsTest.res[0m:[2m1:1-15[0m

  [1;33m1[0m [2m│[0m [1;33mopen ReBindings[0m
  2 [2m│[0m open TourTemplateAssets
  3 [2m│[0m 

  unused open ReBindings.


  [1;33mWarning number 33[0m
  [36m/Users/r2/Desktop/robust-virtual-tour-builder/tests/unit/TourTemplateScriptsTest.res[0m:[2m1:1-15[0m

  [1;33m1[0m [2m│[0m [1;33mopen ReBindings[0m
  2 [2m│[0m open TourTemplateScripts
  3 [2m│[0m 

  unused open ReBindings.


  [1;33mWarning number 3[0m
  [36m/Users/r2/Desktop/robust-virtual-tour-builder/src/systems/DownloadSystem.res[0m:[2m124:7-21[0m

  122 [2m┆[0m   true
  123 [2m┆[0m } catch {
  [1;33m124[0m [2m┆[0m | [1;33mJs.Exn.Error(e)[0m => {
  125 [2m┆[0m     let name = Js.Exn.name(e)->Option.getOr("UnknownError")
  126 [2m┆[0m     if name == "AbortError" {

  deprecated: Error
  Use `JsExn` instead

  This can be automatically migrated by the ReScript migration tool. Run `rescript-tools migrate-all <project-root>` to run all automatic migrations available in your project, or `rescript-tools migrate <file>` to migrate a single file.


  [1;33mWarning number 3[0m
  [36m/Users/r2/Desktop/robust-virtual-tour-builder/src/systems/DownloadSystem.res[0m:[2m125:20-30[0m

  123 [2m┆[0m } catch {
  124 [2m┆[0m | Js.Exn.Error(e) => {
  [1;33m125[0m [2m┆[0m     let name = [1;33mJs.Exn.name[0m(e)->Option.getOr("UnknownError")
  126 [2m┆[0m     if name == "AbortError" {
  127 [2m┆[0m       Logger.info(~module_="Download", ~message="SAVE_CANCELLED", ())

  deprecated: Js.Exn.name
  Use `JsExn.name` instead

  This can be automatically migrated by the ReScript migration tool. Run `rescript-tools migrate-all <project-root>` to run all automatic migrations available in your project, or `rescript-tools migrate <file>` to migrate a single file.


  [1;33mWarning number 3[0m
  [36m/Users/r2/Desktop/robust-virtual-tour-builder/src/systems/DownloadSystem.res[0m:[2m131:49-62[0m

  129 [2m┆[0m   } else {
  130 [2m┆[0m     Logger.error(~module_="Download", ~message="SAVE_ERROR", ~data={"e
      [2m┆[0m rror": e}, ())
  [1;33m131[0m [2m┆[0m     JsError.throwWithMessage(Option.getOr([1;33mJs.Exn.message[0m(e), "Save Fai
      [2m┆[0m [1;33mled"))[0m
  132 [2m┆[0m   }
  133 [2m┆[0m }

  deprecated: Js.Exn.message
  Use `JsExn.message` instead

  This can be automatically migrated by the ReScript migration tool. Run `rescript-tools migrate-all <project-root>` to run all automatic migrations available in your project, or `rescript-tools migrate <file>` to migrate a single file.


  [1;33mWarning number 45[0m
  [36m/Users/r2/Desktop/robust-virtual-tour-builder/tests/unit/LoggerTest.res[0m:[2m1:1-11[0m

  [1;33m1[0m [2m│[0m [1;33mopen Logger[0m
  2 [2m│[0m 
  3 [2m│[0m let run = () => {

  this open statement shadows the constructor Error (which is later used)


  [1;33mWarning number 3[0m
  [36m/Users/r2/Desktop/robust-virtual-tour-builder/src/systems/ProjectManager.res[0m:[2m12:32-40[0m

  10 [2m│[0m type apiError = string
  11 [2m│[0m 
  [1;33m12[0m [2m│[0m external castToDict: JSON.t => [1;33mJs.Dict.t[0m<JSON.t> = "%identity"
  13 [2m│[0m external castToJson: 'a => JSON.t = "%identity"
  14 [2m│[0m 

  deprecated: Js.Dict.t
  Use `dict` directly instead.

  This can be automatically migrated by the ReScript migration tool. Run `rescript-tools migrate-all <project-root>` to run all automatic migrations available in your project, or `rescript-tools migrate <file>` to migrate a single file.


  [1;33mWarning number 3[0m
  [36m/Users/r2/Desktop/robust-virtual-tour-builder/src/systems/ProjectManager.res[0m:[2m21:11-21[0m

  19 [2m┆[0m 
  20 [2m┆[0m // Basic validation check
  [1;33m21[0m [2m┆[0m switch ([1;33mJs.Dict.get[0m(obj, "scenes"), Js.Dict.get(obj, "tourName")) {
  22 [2m┆[0m | (Some(_), Some(_)) => Ok(data)
  23 [2m┆[0m | _ => Error("Invalid project structure: missing scenes or tourName")

  deprecated: Js.Dict.get
  Use `Dict.get` instead.

  This can be automatically migrated by the ReScript migration tool. Run `rescript-tools migrate-all <project-root>` to run all automatic migrations available in your project, or `rescript-tools migrate <file>` to migrate a single file.


  [1;33mWarning number 3[0m
  [36m/Users/r2/Desktop/robust-virtual-tour-builder/src/systems/ProjectManager.res[0m:[2m21:39-49[0m

  19 [2m┆[0m 
  20 [2m┆[0m // Basic validation check
  [1;33m21[0m [2m┆[0m switch (Js.Dict.get(obj, "scenes"), [1;33mJs.Dict.get[0m(obj, "tourName")) {
  22 [2m┆[0m | (Some(_), Some(_)) => Ok(data)
  23 [2m┆[0m | _ => Error("Invalid project structure: missing scenes or tourName")

  deprecated: Js.Dict.get
  Use `Dict.get` instead.

  This can be automatically migrated by the ReScript migration tool. Run `rescript-tools migrate-all <project-root>` to run all automatic migrations available in your project, or `rescript-tools migrate <file>` to migrate a single file.


  [1;33mWarning number 3[0m
  [36m/Users/r2/Desktop/robust-virtual-tour-builder/src/systems/ProjectManager.res[0m:[2m87:22-35[0m

  85 [2m┆[0m })
  86 [2m┆[0m ->Promise.catch(err => {
  [1;33m87[0m [2m┆[0m   let msg = switch [1;33mJs.Exn.asJsExn[0m(err) {
  88 [2m┆[0m   | Some(e) => Js.Exn.message(e)->Option.getOr("Unknown error creating 
     [2m┆[0m save package")
  89 [2m┆[0m   | None => "Unknown error creating save package"

  deprecated: Js.Exn.asJsExn
  Use `JsExn.fromException` instead

  This can be automatically migrated by the ReScript migration tool. Run `rescript-tools migrate-all <project-root>` to run all automatic migrations available in your project, or `rescript-tools migrate <file>` to migrate a single file.


  [1;33mWarning number 3[0m
  [36m/Users/r2/Desktop/robust-virtual-tour-builder/src/systems/ProjectManager.res[0m:[2m88:18-31[0m

  86 [2m┆[0m ->Promise.catch(err => {
  87 [2m┆[0m   let msg = switch Js.Exn.asJsExn(err) {
  [1;33m88[0m [2m┆[0m   | Some(e) => [1;33mJs.Exn.message[0m(e)->Option.getOr("Unknown error creating 
     [2m┆[0m [1;33msave package")[0m
  89 [2m┆[0m   | None => "Unknown error creating save package"
  90 [2m┆[0m   }

  deprecated: Js.Exn.message
  Use `JsExn.message` instead

  This can be automatically migrated by the ReScript migration tool. Run `rescript-tools migrate-all <project-root>` to run all automatic migrations available in your project, or `rescript-tools migrate <file>` to migrate a single file.


  [1;33mWarning number 3[0m
  [36m/Users/r2/Desktop/robust-virtual-tour-builder/src/systems/ProjectManager.res[0m:[2m135:71-91[0m

  133 [2m┆[0m let pd = castToDict(projectData)
  134 [2m┆[0m let scenesArray =
  [1;33m135[0m [2m┆[0m   Js.Dict.get(pd, "scenes")->Option.flatMap(Js.Json.decodeArray)->[1;33mOpti[0m
      [2m┆[0m [1;33mon.getWithDefault([])[0m
  136 [2m┆[0m 
  137 [2m┆[0m // Map scenes to point to backend URL

  deprecated: Stdlib.Option.getWithDefault
  Use getOr instead

  This can be automatically migrated by the ReScript migration tool. Run `rescript-tools migrate-all <project-root>` to run all automatic migrations available in your project, or `rescript-tools migrate <file>` to migrate a single file.


  [1;33mWarning number 3[0m
  [36m/Users/r2/Desktop/robust-virtual-tour-builder/src/systems/ProjectManager.res[0m:[2m135:7-17[0m

  133 [2m┆[0m let pd = castToDict(projectData)
  134 [2m┆[0m let scenesArray =
  [1;33m135[0m [2m┆[0m   [1;33mJs.Dict.get[0m(pd, "scenes")->Option.flatMap(Js.Json.decodeArray)->Opti
      [2m┆[0m [1;33mon.getWithDef[0mault([])
  136 [2m┆[0m 
  137 [2m┆[0m // Map scenes to point to backend URL

  deprecated: Js.Dict.get
  Use `Dict.get` instead.

  This can be automatically migrated by the ReScript migration tool. Run `rescript-tools migrate-all <project-root>` to run all automatic migrations available in your project, or `rescript-tools migrate <file>` to migrate a single file.


  [1;33mWarning number 3[0m
  [36m/Users/r2/Desktop/robust-virtual-tour-builder/src/systems/ProjectManager.res[0m:[2m135:49-67[0m

  133 [2m┆[0m let pd = castToDict(projectData)
  134 [2m┆[0m let scenesArray =
  [1;33m135[0m [2m┆[0m   Js.Dict.get(pd, "scenes")->Option.flatMap([1;33mJs.Json.decodeArray[0m)->Opti
      [2m┆[0m [1;33mon.getWithDefault([])[0m
  136 [2m┆[0m 
  137 [2m┆[0m // Map scenes to point to backend URL

  deprecated: Js.Json.decodeArray
  Use `JSON.Decode.array` instead.

  This can be automatically migrated by the ReScript migration tool. Run `rescript-tools migrate-all <project-root>` to run all automatic migrations available in your project, or `rescript-tools migrate <file>` to migrate a single file.


  [1;33mWarning number 3[0m
  [36m/Users/r2/Desktop/robust-virtual-tour-builder/src/systems/ProjectManager.res[0m:[2m143:11-31[0m

  141 [2m┆[0m   Js.Dict.get(sceneDict, "name")
  142 [2m┆[0m   ->Option.flatMap(Js.Json.decodeString)
  [1;33m143[0m [2m┆[0m   ->[1;33mOption.getWithDefault[0m("unknown")
  144 [2m┆[0m 
  145 [2m┆[0m let fileUrl =

  deprecated: Stdlib.Option.getWithDefault
  Use getOr instead

  This can be automatically migrated by the ReScript migration tool. Run `rescript-tools migrate-all <project-root>` to run all automatic migrations available in your project, or `rescript-tools migrate <file>` to migrate a single file.


  [1;33mWarning number 3[0m
  [36m/Users/r2/Desktop/robust-virtual-tour-builder/src/systems/ProjectManager.res[0m:[2m141:9-19[0m

  139 [2m┆[0m let sceneDict = castToDict(item)
  140 [2m┆[0m let name =
  [1;33m141[0m [2m┆[0m   [1;33mJs.Dict.get[0m(sceneDict, "name")
  142 [2m┆[0m   ->Option.flatMap(Js.Json.decodeString)
  143 [2m┆[0m   ->Option.getWithDefault("unknown")

  deprecated: Js.Dict.get
  Use `Dict.get` instead.

  This can be automatically migrated by the ReScript migration tool. Run `rescript-tools migrate-all <project-root>` to run all automatic migrations available in your project, or `rescript-tools migrate <file>` to migrate a single file.


  [1;33mWarning number 3[0m
  [36m/Users/r2/Desktop/robust-virtual-tour-builder/src/systems/ProjectManager.res[0m:[2m142:26-45[0m

  140 [2m┆[0m let name =
  141 [2m┆[0m   Js.Dict.get(sceneDict, "name")
  [1;33m142[0m [2m┆[0m   ->Option.flatMap([1;33mJs.Json.decodeString[0m)
  143 [2m┆[0m   ->Option.getWithDefault("unknown")
  144 [2m┆[0m 

  deprecated: Js.Json.decodeString
  Use `JSON.Decode.string` instead.

  This can be automatically migrated by the ReScript migration tool. Run `rescript-tools migrate-all <project-root>` to run all automatic migrations available in your project, or `rescript-tools migrate <file>` to migrate a single file.


  [1;33mWarning number 3[0m
  [36m/Users/r2/Desktop/robust-virtual-tour-builder/src/systems/ProjectManager.res[0m:[2m149:26-42[0m

  147 [2m┆[0m 
  148 [2m┆[0m // Clone scene object (shallow copy)
  [1;33m149[0m [2m┆[0m let newSceneDict = [1;33mJs.Dict.fromArray[0m(Js.Dict.entries(sceneDict))
  150 [2m┆[0m 
  151 [2m┆[0m Js.Dict.set(newSceneDict, "file", castToJson(fileUrl))

  deprecated: Js.Dict.fromArray
  Use `Dict.fromArray` instead.

  This can be automatically migrated by the ReScript migration tool. Run `rescript-tools migrate-all <project-root>` to run all automatic migrations available in your project, or `rescript-tools migrate <file>` to migrate a single file.


  [1;33mWarning number 3[0m
  [36m/Users/r2/Desktop/robust-virtual-tour-builder/src/systems/ProjectManager.res[0m:[2m149:44-58[0m

  147 [2m┆[0m 
  148 [2m┆[0m // Clone scene object (shallow copy)
  [1;33m149[0m [2m┆[0m let newSceneDict = Js.Dict.fromArray([1;33mJs.Dict.entries[0m(sceneDict))
  150 [2m┆[0m 
  151 [2m┆[0m Js.Dict.set(newSceneDict, "file", castToJson(fileUrl))

  deprecated: Js.Dict.entries
  Use `Dict.toArray` instead.

  This can be automatically migrated by the ReScript migration tool. Run `rescript-tools migrate-all <project-root>` to run all automatic migrations available in your project, or `rescript-tools migrate <file>` to migrate a single file.


  [1;33mWarning number 3[0m
  [36m/Users/r2/Desktop/robust-virtual-tour-builder/src/systems/ProjectManager.res[0m:[2m151:7-17[0m

  149 [2m┆[0m let newSceneDict = Js.Dict.fromArray(Js.Dict.entries(sceneDict))
  150 [2m┆[0m 
  [1;33m151[0m [2m┆[0m [1;33mJs.Dict.set[0m(newSceneDict, "file", castToJson(fileUrl))
  152 [2m┆[0m Js.Dict.set(newSceneDict, "originalFile", castToJson(fileUrl))
  153 [2m┆[0m 

  deprecated: Js.Dict.set
  Use `Dict.set` instead.

  This can be automatically migrated by the ReScript migration tool. Run `rescript-tools migrate-all <project-root>` to run all automatic migrations available in your project, or `rescript-tools migrate <file>` to migrate a single file.


  [1;33mWarning number 3[0m
  [36m/Users/r2/Desktop/robust-virtual-tour-builder/src/systems/ProjectManager.res[0m:[2m152:7-17[0m

  150 [2m┆[0m 
  151 [2m┆[0m Js.Dict.set(newSceneDict, "file", castToJson(fileUrl))
  [1;33m152[0m [2m┆[0m [1;33mJs.Dict.set[0m(newSceneDict, "originalFile", castToJson(fileUrl))
  153 [2m┆[0m 
  154 [2m┆[0m // Note: tinyFile handling could be added here if backend generates it

  deprecated: Js.Dict.set
  Use `Dict.set` instead.

  This can be automatically migrated by the ReScript migration tool. Run `rescript-tools migrate-all <project-root>` to run all automatic migrations available in your project, or `rescript-tools migrate <file>` to migrate a single file.


  [1;33mWarning number 3[0m
  [36m/Users/r2/Desktop/robust-virtual-tour-builder/src/systems/ProjectManager.res[0m:[2m160:73-83[0m

  158 [2m┆[0m 
  159 [2m┆[0m // Extract validation report if present
  [1;33m160[0m [2m┆[0m let validationReport: option<SharedTypes.validationReport> = switch [1;33mJs[0m
      [2m┆[0m [1;33m.Dict.get([0m
  161 [2m┆[0m   pd,
  162 [2m┆[0m   "validationReport",

  deprecated: Js.Dict.get
  Use `Dict.get` instead.

  This can be automatically migrated by the ReScript migration tool. Run `rescript-tools migrate-all <project-root>` to run all automatic migrations available in your project, or `rescript-tools migrate <file>` to migrate a single file.


  [1;33mWarning number 3[0m
  [36m/Users/r2/Desktop/robust-virtual-tour-builder/src/systems/ProjectManager.res[0m:[2m218:36-56[0m

  216 [2m┆[0m   loadedProject,
  217 [2m┆[0m   "tourName",
  [1;33m218[0m [2m┆[0m   Js.Dict.get(pd, "tourName")->[1;33mOption.getWithDefault[0m(castToJson("Impor
      [2m┆[0m [1;33mted Tour")),[0m
  219 [2m┆[0m )
  220 [2m┆[0m Dict.set(loadedProject, "scenes", castToJson(validScenes))

  deprecated: Stdlib.Option.getWithDefault
  Use getOr instead

  This can be automatically migrated by the ReScript migration tool. Run `rescript-tools migrate-all <project-root>` to run all automatic migrations available in your project, or `rescript-tools migrate <file>` to migrate a single file.


  [1;33mWarning number 3[0m
  [36m/Users/r2/Desktop/robust-virtual-tour-builder/src/systems/ProjectManager.res[0m:[2m218:7-17[0m

  216 [2m┆[0m   loadedProject,
  217 [2m┆[0m   "tourName",
  [1;33m218[0m [2m┆[0m   [1;33mJs.Dict.get[0m(pd, "tourName")->Option.getWithDefault(castToJson("Impor
      [2m┆[0m [1;33mted Tour")),[0m
  219 [2m┆[0m )
  220 [2m┆[0m Dict.set(loadedProject, "scenes", castToJson(validScenes))

  deprecated: Js.Dict.get
  Use `Dict.get` instead.

  This can be automatically migrated by the ReScript migration tool. Run `rescript-tools migrate-all <project-root>` to run all automatic migrations available in your project, or `rescript-tools migrate <file>` to migrate a single file.


  [1;33mWarning number 3[0m
  [36m/Users/r2/Desktop/robust-virtual-tour-builder/src/systems/ProjectManager.res[0m:[2m224:43-63[0m

  222 [2m┆[0m   loadedProject,
  223 [2m┆[0m   "deletedSceneIds",
  [1;33m224[0m [2m┆[0m   Js.Dict.get(pd, "deletedSceneIds")->[1;33mOption.getWithDefault[0m(castToJson
      [2m┆[0m [1;33m([])),[0m
  225 [2m┆[0m )
  226 [2m┆[0m Dict.set(

  deprecated: Stdlib.Option.getWithDefault
  Use getOr instead

  This can be automatically migrated by the ReScript migration tool. Run `rescript-tools migrate-all <project-root>` to run all automatic migrations available in your project, or `rescript-tools migrate <file>` to migrate a single file.


  [1;33mWarning number 3[0m
  [36m/Users/r2/Desktop/robust-virtual-tour-builder/src/systems/ProjectManager.res[0m:[2m224:7-17[0m

  222 [2m┆[0m   loadedProject,
  223 [2m┆[0m   "deletedSceneIds",
  [1;33m224[0m [2m┆[0m   [1;33mJs.Dict.get[0m(pd, "deletedSceneIds")->Option.getWithDefault(castToJson
      [2m┆[0m [1;33m([])),[0m
  225 [2m┆[0m )
  226 [2m┆[0m Dict.set(

  deprecated: Js.Dict.get
  Use `Dict.get` instead.

  This can be automatically migrated by the ReScript migration tool. Run `rescript-tools migrate-all <project-root>` to run all automatic migrations available in your project, or `rescript-tools migrate <file>` to migrate a single file.


  [1;33mWarning number 3[0m
  [36m/Users/r2/Desktop/robust-virtual-tour-builder/src/systems/ProjectManager.res[0m:[2m229:36-56[0m

  227 [2m┆[0m   loadedProject,
  228 [2m┆[0m   "timeline",
  [1;33m229[0m [2m┆[0m   Js.Dict.get(pd, "timeline")->[1;33mOption.getWithDefault[0m(castToJson([])),
  230 [2m┆[0m )
  231 [2m┆[0m Dict.set(loadedProject, "activeIndex", castToJson(0))

  deprecated: Stdlib.Option.getWithDefault
  Use getOr instead

  This can be automatically migrated by the ReScript migration tool. Run `rescript-tools migrate-all <project-root>` to run all automatic migrations available in your project, or `rescript-tools migrate <file>` to migrate a single file.


  [1;33mWarning number 3[0m
  [36m/Users/r2/Desktop/robust-virtual-tour-builder/src/systems/ProjectManager.res[0m:[2m229:7-17[0m

  227 [2m┆[0m   loadedProject,
  228 [2m┆[0m   "timeline",
  [1;33m229[0m [2m┆[0m   [1;33mJs.Dict.get[0m(pd, "timeline")->Option.getWithDefault(castToJson([])),
  230 [2m┆[0m )
  231 [2m┆[0m Dict.set(loadedProject, "activeIndex", castToJson(0))

  deprecated: Js.Dict.get
  Use `Dict.get` instead.

  This can be automatically migrated by the ReScript migration tool. Run `rescript-tools migrate-all <project-root>` to run all automatic migrations available in your project, or `rescript-tools migrate <file>` to migrate a single file.


  [1;33mWarning number 3[0m
  [36m/Users/r2/Desktop/robust-virtual-tour-builder/src/systems/ProjectManager.res[0m:[2m254:22-35[0m

  252 [2m┆[0m progress(0, 100, "Load Failed")
  253 [2m┆[0m 
  [1;33m254[0m [2m┆[0m let msg = switch [1;33mJs.Exn.asJsExn[0m(err) {
  255 [2m┆[0m | Some(e) => Js.Exn.message(e)->Option.getOr("Unknown load error")
  256 [2m┆[0m | None => "Unknown load error"

  deprecated: Js.Exn.asJsExn
  Use `JsExn.fromException` instead

  This can be automatically migrated by the ReScript migration tool. Run `rescript-tools migrate-all <project-root>` to run all automatic migrations available in your project, or `rescript-tools migrate <file>` to migrate a single file.


  [1;33mWarning number 3[0m
  [36m/Users/r2/Desktop/robust-virtual-tour-builder/src/systems/ProjectManager.res[0m:[2m255:18-31[0m

  253 [2m┆[0m 
  254 [2m┆[0m let msg = switch Js.Exn.asJsExn(err) {
  [1;33m255[0m [2m┆[0m | Some(e) => [1;33mJs.Exn.message[0m(e)->Option.getOr("Unknown load error")
  256 [2m┆[0m | None => "Unknown load error"
  257 [2m┆[0m }

  deprecated: Js.Exn.message
  Use `JsExn.message` instead

  This can be automatically migrated by the ReScript migration tool. Run `rescript-tools migrate-all <project-root>` to run all automatic migrations available in your project, or `rescript-tools migrate <file>` to migrate a single file.


  [1;33mWarning number 33[0m
  [36m/Users/r2/Desktop/robust-virtual-tour-builder/tests/unit/BackendApiTest.res[0m:[2m1:1-15[0m

  [1;33m1[0m [2m│[0m [1;33mopen ReBindings[0m
  2 [2m│[0m open BackendApi
  3 [2m│[0m 

  unused open ReBindings.


  [1;33mWarning number 33[0m
  [36m/Users/r2/Desktop/robust-virtual-tour-builder/tests/unit/BackendApiTest.res[0m:[2m2:1-15[0m

  1 [2m│[0m open ReBindings
  [1;33m2[0m [2m│[0m [1;33mopen BackendApi[0m
  3 [2m│[0m 
  4 [2m│[0m let run = () => {

  unused open BackendApi.


  [1;33mWarning number 33[0m
  [36m/Users/r2/Desktop/robust-virtual-tour-builder/tests/unit/LazyLoadTest.res[0m:[2m2:1-13[0m

  1 [2m│[0m /* tests/unit/LazyLoadTest.res */
  [1;33m2[0m [2m│[0m [1;33mopen LazyLoad[0m
  3 [2m│[0m 
  4 [2m│[0m let run = () => {

  unused open LazyLoad.


  [1;33mWarning number 3[0m
  [36m/Users/r2/Desktop/robust-virtual-tour-builder/tests/unit/DownloadSystemTest.res[0m:[2m72:47-60[0m

  70 [2m┆[0m   Console.log("  saveBlob executed without error")
  71 [2m┆[0m } catch {
  [1;33m72[0m [2m┆[0m | e => Console.log("  saveBlob failed: " ++ [1;33mJs.String.make[0m(e))
  73 [2m┆[0m }
  74 [2m┆[0m 

  deprecated: Js.String.make
  Use `String.make` instead.

  This can be automatically migrated by the ReScript migration tool. Run `rescript-tools migrate-all <project-root>` to run all automatic migrations available in your project, or `rescript-tools migrate <file>` to migrate a single file.


  [1;33mWarning number 26[0m
  [36m/Users/r2/Desktop/robust-virtual-tour-builder/tests/unit/GlobalStateBridgeTest.res[0m:[2m9:7-13[0m

   7 [2m┆[0m 
   8 [2m┆[0m // 1. Initial State
   [1;33m9[0m [2m┆[0m let [1;33minitial[0m = GlobalStateBridge.getState()
  10 [2m┆[0m // Note: Since this is a singleton, previous tests might have modified 
     [2m┆[0m it.
  11 [2m┆[0m // But for a clean run, it should be initial.

  unused variable initial.

Fix this by:
- Deleting the variable if it's not used anymore.
- Prepending the variable name with `_` (like `_initial`) to ignore that the variable is unused.
- Using the variable somewhere.


  [1;33mWarning number 3[0m
  [36m/Users/r2/Desktop/robust-virtual-tour-builder/src/components/VisualPipeline.res[0m:[2m122:14-24[0m

  120 [2m┆[0m switch Nullable.toOption(node) {
  121 [2m┆[0m | Some(n) =>
  [1;33m122[0m [2m┆[0m   let id = [1;33mJs.Dict.get[0m(Dom.dataset(n), "id")->Belt.Option.getWithDefau
      [2m┆[0m [1;33mlt("")[0m
  123 [2m┆[0m   pipeline.dragSourceId = Nullable.make(id)
  124 [2m┆[0m   Dom.add(n, "is-dragging")

  deprecated: Js.Dict.get
  Use `Dict.get` instead.

  This can be automatically migrated by the ReScript migration tool. Run `rescript-tools migrate-all <project-root>` to run all automatic migrations available in your project, or `rescript-tools migrate <file>` to migrate a single file.


  [1;33mWarning number 3[0m
  [36m/Users/r2/Desktop/robust-virtual-tour-builder/src/components/VisualPipeline.res[0m:[2m184:47-67[0m

  182 [2m┆[0m let dropIndex =
  183 [2m┆[0m   Belt.Int.fromString(
  [1;33m184[0m [2m┆[0m     Js.Dict.get(Dom.dataset(z), "index")->[1;33mOption.getWithDefault[0m(""),
  185 [2m┆[0m   )->Belt.Option.getWithDefault(0)
  186 [2m┆[0m let state = GlobalStateBridge.getState()

  deprecated: Stdlib.Option.getWithDefault
  Use getOr instead

  This can be automatically migrated by the ReScript migration tool. Run `rescript-tools migrate-all <project-root>` to run all automatic migrations available in your project, or `rescript-tools migrate <file>` to migrate a single file.


  [1;33mWarning number 3[0m
  [36m/Users/r2/Desktop/robust-virtual-tour-builder/src/components/VisualPipeline.res[0m:[2m184:9-19[0m

  182 [2m┆[0m let dropIndex =
  183 [2m┆[0m   Belt.Int.fromString(
  [1;33m184[0m [2m┆[0m     [1;33mJs.Dict.get[0m(Dom.dataset(z), "index")->Option.getWithDefault(""),
  185 [2m┆[0m   )->Belt.Option.getWithDefault(0)
  186 [2m┆[0m let state = GlobalStateBridge.getState()

  deprecated: Js.Dict.get
  Use `Dict.get` instead.

  This can be automatically migrated by the ReScript migration tool. Run `rescript-tools migrate-all <project-root>` to run all automatic migrations available in your project, or `rescript-tools migrate <file>` to migrate a single file.


  [1;33mWarning number 3[0m
  [36m/Users/r2/Desktop/robust-virtual-tour-builder/src/components/VisualPipeline.res[0m:[2m208:3-13[0m

  206 [2m┆[0m let zone = Dom.createElement("div")
  207 [2m┆[0m Dom.setClassName(zone, "drop-zone")
  [1;33m208[0m [2m┆[0m [1;33mJs.Dict.set[0m(Dom.dataset(zone), "index", Belt.Int.toString(index))
  209 [2m┆[0m 
  210 [2m┆[0m Dom.addEventListener(zone, "dragover", e => {

  deprecated: Js.Dict.set
  Use `Dict.set` instead.

  This can be automatically migrated by the ReScript migration tool. Run `rescript-tools migrate-all <project-root>` to run all automatic migrations available in your project, or `rescript-tools migrate <file>` to migrate a single file.


  [1;33mWarning number 3[0m
  [36m/Users/r2/Desktop/robust-virtual-tour-builder/src/components/VisualPipeline.res[0m:[2m237:9-19[0m

  235 [2m┆[0m let node = Dom.createElement("div")
  236 [2m┆[0m Dom.setClassName(node, "pipeline-node")
  [1;33m237[0m [2m┆[0m [1;33mJs.Dict.set[0m(Dom.dataset(node), "id", item.id)
  238 [2m┆[0m Dom.setDraggable(node, true)
  239 [2m┆[0m Dom.setAttribute(node, "role", "button")

  deprecated: Js.Dict.set
  Use `Dict.set` instead.

  This can be automatically migrated by the ReScript migration tool. Run `rescript-tools migrate-all <project-root>` to run all automatic migrations available in your project, or `rescript-tools migrate <file>` to migrate a single file.


  [1;33mWarning number 3[0m
  [36m/Users/r2/Desktop/robust-virtual-tour-builder/src/components/LabelMenu.res[0m:[2m102:15-25[0m

  100 [2m┆[0m // Filter Sections
  101 [2m┆[0m Belt.Array.forEach(labelSections, section => {
  [1;33m102[0m [2m┆[0m   let cat = [1;33mJs.Dict.get[0m(Dom.dataset(section), "category")
  103 [2m┆[0m   if cat == Some(currentCategory) {
  104 [2m┆[0m     Dom.setDisplay(section, "flex")

  deprecated: Js.Dict.get
  Use `Dict.get` instead.

  This can be automatically migrated by the ReScript migration tool. Run `rescript-tools migrate-all <project-root>` to run all automatic migrations available in your project, or `rescript-tools migrate <file>` to migrate a single file.


  [1;33mWarning number 3[0m
  [36m/Users/r2/Desktop/robust-virtual-tour-builder/src/components/LabelMenu.res[0m:[2m112:15-25[0m

  110 [2m┆[0m // Update Pills
  111 [2m┆[0m Belt.Array.forEach(labelPills, pill => {
  [1;33m112[0m [2m┆[0m   let val = [1;33mJs.Dict.get[0m(Dom.dataset(pill), "val")
  113 [2m┆[0m   let isActive = val == Some(currentLabel)
  114 [2m┆[0m   if isActive {

  deprecated: Js.Dict.get
  Use `Dict.get` instead.

  This can be automatically migrated by the ReScript migration tool. Run `rescript-tools migrate-all <project-root>` to run all automatic migrations available in your project, or `rescript-tools migrate <file>` to migrate a single file.


  [1;33mWarning number 3[0m
  [36m/Users/r2/Desktop/robust-virtual-tour-builder/src/components/LabelMenu.res[0m:[2m209:5-15[0m

  207 [2m┆[0m let section = Dom.createElement("div")
  208 [2m┆[0m Dom.setClassName(section, "label-section flex flex-col gap-2.5")
  [1;33m209[0m [2m┆[0m [1;33mJs.Dict.set[0m(Dom.dataset(section), "category", category)
  210 [2m┆[0m 
  211 [2m┆[0m let header = Dom.createElement("div")

  deprecated: Js.Dict.set
  Use `Dict.set` instead.

  This can be automatically migrated by the ReScript migration tool. Run `rescript-tools migrate-all <project-root>` to run all automatic migrations available in your project, or `rescript-tools migrate <file>` to migrate a single file.


  [1;33mWarning number 3[0m
  [36m/Users/r2/Desktop/robust-virtual-tour-builder/src/components/LabelMenu.res[0m:[2m234:7-17[0m

  232 [2m┆[0m Dom.setTextContent(chip, label)
  233 [2m┆[0m Dom.setAttribute(chip, "aria-label", "Set label to " ++ label)
  [1;33m234[0m [2m┆[0m [1;33mJs.Dict.set[0m(Dom.dataset(chip), "val", label)
  235 [2m┆[0m Js.Dict.set(Dom.dataset(chip), "category", category)
  236 [2m┆[0m 

  deprecated: Js.Dict.set
  Use `Dict.set` instead.

  This can be automatically migrated by the ReScript migration tool. Run `rescript-tools migrate-all <project-root>` to run all automatic migrations available in your project, or `rescript-tools migrate <file>` to migrate a single file.


  [1;33mWarning number 3[0m
  [36m/Users/r2/Desktop/robust-virtual-tour-builder/src/components/LabelMenu.res[0m:[2m235:7-17[0m

  233 [2m┆[0m Dom.setAttribute(chip, "aria-label", "Set label to " ++ label)
  234 [2m┆[0m Js.Dict.set(Dom.dataset(chip), "val", label)
  [1;33m235[0m [2m┆[0m [1;33mJs.Dict.set[0m(Dom.dataset(chip), "category", category)
  236 [2m┆[0m 
  237 [2m┆[0m Dom.setOnClick(

  deprecated: Js.Dict.set
  Use `Dict.set` instead.

  This can be automatically migrated by the ReScript migration tool. Run `rescript-tools migrate-all <project-root>` to run all automatic migrations available in your project, or `rescript-tools migrate <file>` to migrate a single file.


  [1;33mWarning number 26[0m
  [36m/Users/r2/Desktop/robust-virtual-tour-builder/src/components/LabelMenu.res[0m:[2m62:11-20[0m

  60 [2m┆[0m if isHidden {
  61 [2m┆[0m   let rect = Dom.getBoundingClientRect(labelButton)
  [1;33m62[0m [2m┆[0m   let [1;33mmenuHeight[0m = 500.0
  63 [2m┆[0m   let menuHeight = 500.0
  64 [2m┆[0m   let spaceBelow = Belt.Int.toFloat(Window.innerHeight) -. rect.top

  unused variable menuHeight.

Fix this by:
- Deleting the variable if it's not used anymore.
- Prepending the variable name with `_` (like `_menuHeight`) to ignore that the variable is unused.
- Using the variable somewhere.


  [1;33mWarning number 33[0m
  [36m/Users/r2/Desktop/robust-virtual-tour-builder/src/systems/Resizer.res[0m:[2m4:1-15[0m

  2 [2m│[0m 
  3 [2m│[0m open ReBindings
  [1;33m4[0m [2m│[0m [1;33mopen BackendApi[0m
  5 [2m│[0m open SharedTypes
  6 [2m│[0m 

  unused open BackendApi.


  [1;33mWarning number 3[0m
  [36m/Users/r2/Desktop/robust-virtual-tour-builder/tests/unit/ProgressBarTest.res[0m:[2m120:5-19[0m

  118 [2m┆[0m   Console.log("✓ updateProgressBar: updates title when provided")
  119 [2m┆[0m } catch {
  [1;33m120[0m [2m┆[0m | [1;33mJs.Exn.Error(e)[0m =>
  121 [2m┆[0m   let msg = Js.Exn.message(e)->Belt.Option.getWithDefault("Unknown err
      [2m┆[0m or")
  122 [2m┆[0m   Console.error("✗ ProgressBar tests failed: " ++ msg)

  deprecated: Error
  Use `JsExn` instead

  This can be automatically migrated by the ReScript migration tool. Run `rescript-tools migrate-all <project-root>` to run all automatic migrations available in your project, or `rescript-tools migrate <file>` to migrate a single file.


  [1;33mWarning number 3[0m
  [36m/Users/r2/Desktop/robust-virtual-tour-builder/tests/unit/ProgressBarTest.res[0m:[2m121:15-28[0m

  119 [2m┆[0m } catch {
  120 [2m┆[0m | Js.Exn.Error(e) =>
  [1;33m121[0m [2m┆[0m   let msg = [1;33mJs.Exn.message[0m(e)->Belt.Option.getWithDefault("Unknown err
      [2m┆[0m [1;33mor")[0m
  122 [2m┆[0m   Console.error("✗ ProgressBar tests failed: " ++ msg)
  123 [2m┆[0m   assert(false)

  deprecated: Js.Exn.message
  Use `JsExn.message` instead

  This can be automatically migrated by the ReScript migration tool. Run `rescript-tools migrate-all <project-root>` to run all automatic migrations available in your project, or `rescript-tools migrate <file>` to migrate a single file.


  [1;33mWarning number 3[0m
  [36m/Users/r2/Desktop/robust-virtual-tour-builder/tests/unit/ServerTeaserTest.res[0m:[2m7:3-16[0m

  5 [2m│[0m 
  6 [2m│[0m let run = () => {
  [1;33m7[0m [2m│[0m   [1;33mJs.Console.log[0m("Running ServerTeaserTest...")
  8 [2m│[0m 
  9 [2m│[0m   /* Mock global FormData */

  deprecated: Js.Console.log
  Use `Console.log` instead.

  This can be automatically migrated by the ReScript migration tool. Run `rescript-tools migrate-all <project-root>` to run all automatic migrations available in your project, or `rescript-tools migrate <file>` to migrate a single file.


  [1;33mWarning number 3[0m
  [36m/Users/r2/Desktop/robust-virtual-tour-builder/tests/unit/ServerTeaserTest.res[0m:[2m99:5-23[0m

   97 [2m┆[0m let relevantCall = calls->Belt.Array.getBy(call => {
   98 [2m┆[0m   let url: string = %raw("call[0]")
   [1;33m99[0m [2m┆[0m   [1;33mJs.String2.includes[0m(url, "/generate-teaser")
  100 [2m┆[0m })
  101 [2m┆[0m 

  deprecated: Js.String2.includes
  Use `String.includes` instead

  This can be automatically migrated by the ReScript migration tool. Run `rescript-tools migrate-all <project-root>` to run all automatic migrations available in your project, or `rescript-tools migrate <file>` to migrate a single file.


  [1;33mWarning number 3[0m
  [36m/Users/r2/Desktop/robust-virtual-tour-builder/tests/unit/ServerTeaserTest.res[0m:[2m131:10-28[0m

  129 [2m┆[0m | Some(p) =>
  130 [2m┆[0m   let val = p["value"]
  [1;33m131[0m [2m┆[0m   if [1;33mJs.String2.includes[0m(val, "Test Tour") {
  132 [2m┆[0m     Console.log("  Pass: FormData project_data contains tour name")
  133 [2m┆[0m   } else {

  deprecated: Js.String2.includes
  Use `String.includes` instead

  This can be automatically migrated by the ReScript migration tool. Run `rescript-tools migrate-all <project-root>` to run all automatic migrations available in your project, or `rescript-tools migrate <file>` to migrate a single file.


  [1;33mWarning number 33[0m
  [36m/Users/r2/Desktop/robust-virtual-tour-builder/tests/unit/ServerTeaserTest.res[0m:[2m3:1-15[0m

  1 [2m│[0m /* tests/unit/ServerTeaserTest.res */
  2 [2m│[0m 
  [1;33m3[0m [2m│[0m [1;33mopen ReBindings[0m
  4 [2m│[0m open Types
  5 [2m│[0m 

  unused open ReBindings.


  [1;33mWarning number 27[0m
  [36m/Users/r2/Desktop/robust-virtual-tour-builder/tests/unit/ServerTeaserTest.res[0m:[2m97:46-49[0m

  95 [2m┆[0m /* Verify Fetch called */
  96 [2m┆[0m let calls: array<array<string>> = %raw("global.fetch.mock.calls")
  [1;33m97[0m [2m┆[0m let relevantCall = calls->Belt.Array.getBy([1;33mcall[0m => {
  98 [2m┆[0m   let url: string = %raw("call[0]")
  99 [2m┆[0m   Js.String2.includes(url, "/generate-teaser")

  unused variable call.

Fix this by:
- Deleting the variable if it's not used anymore.
- Prepending the variable name with `_` (like `_call`) to ignore that the variable is unused.
- Using the variable somewhere.


  [1;33mWarning number 33[0m
  [36m/Users/r2/Desktop/robust-virtual-tour-builder/tests/unit/ProjectManagerTest.res[0m:[2m1:1-15[0m

  [1;33m1[0m [2m│[0m [1;33mopen ReBindings[0m
  2 [2m│[0m open ProjectManager
  3 [2m│[0m 

  unused open ReBindings.


  [1;33mWarning number 33[0m
  [36m/Users/r2/Desktop/robust-virtual-tour-builder/tests/unit/ProjectManagerTest.res[0m:[2m2:1-19[0m

  1 [2m│[0m open ReBindings
  [1;33m2[0m [2m│[0m [1;33mopen ProjectManager[0m
  3 [2m│[0m 
  4 [2m│[0m let run = () => {

  unused open ProjectManager.


  [1;33mWarning number 3[0m
  [36m/Users/r2/Desktop/robust-virtual-tour-builder/tests/unit/ExifParserTest.res[0m:[2m47:5-19[0m

  45 [2m┆[0m   Console.log("✓ getCameraSignature passed (missing data)")
  46 [2m┆[0m } catch {
  [1;33m47[0m [2m┆[0m | [1;33mJs.Exn.Error(e)[0m =>
  48 [2m┆[0m   Console.error(
  49 [2m┆[0m     "✗ getCameraSignature failed (missing data): " ++

  deprecated: Error
  Use `JsExn` instead

  This can be automatically migrated by the ReScript migration tool. Run `rescript-tools migrate-all <project-root>` to run all automatic migrations available in your project, or `rescript-tools migrate <file>` to migrate a single file.


  [1;33mWarning number 3[0m
  [36m/Users/r2/Desktop/robust-virtual-tour-builder/tests/unit/ExifParserTest.res[0m:[2m50:20-33[0m

  48 [2m┆[0m   Console.error(
  49 [2m┆[0m     "✗ getCameraSignature failed (missing data): " ++
  [1;33m50[0m [2m┆[0m     Option.getOr([1;33mJs.Exn.message[0m(e), "Unknown"),
  51 [2m┆[0m   )
  52 [2m┆[0m | _ => Console.error("✗ getCameraSignature failed (missing data) with
     [2m┆[0m  unknown error")

  deprecated: Js.Exn.message
  Use `JsExn.message` instead

  This can be automatically migrated by the ReScript migration tool. Run `rescript-tools migrate-all <project-root>` to run all automatic migrations available in your project, or `rescript-tools migrate <file>` to migrate a single file.


  [1;33mWarning number 33[0m
  [36m/Users/r2/Desktop/robust-virtual-tour-builder/tests/unit/ExifParserTest.res[0m:[2m1:1-15[0m

  [1;33m1[0m [2m│[0m [1;33mopen ReBindings[0m
  2 [2m│[0m open SharedTypes
  3 [2m│[0m open ExifParser

  unused open ReBindings.


  [1;33mWarning number 3[0m
  [36m/Users/r2/Desktop/robust-virtual-tour-builder/tests/unit/TeaserPathfinderTest.res[0m:[2m57:40-52[0m

  55 [2m┆[0m assert(mock["getCallCount"]() == 1)
  56 [2m┆[0m let p1 = mock["getLastPayload"]()
  [1;33m57[0m [2m┆[0m let p1Dict = p1->JSON.Decode.object->[1;33mOption.getExn[0m
  58 [2m┆[0m assert(p1Dict->Dict.get("type")->Option.flatMap(JSON.Decode.string) == 
     [2m┆[0m Some("walk"))
  59 [2m┆[0m assert(p1Dict->Dict.get("scenes")->Option.flatMap(JSON.Decode.array)->O
     [2m┆[0m ption.map(Array.length) ==

  deprecated: Stdlib.Option.getExn
  Use `getOrThrow` instead

  This can be automatically migrated by the ReScript migration tool. Run `rescript-tools migrate-all <project-root>` to run all automatic migrations available in your project, or `rescript-tools migrate <file>` to migrate a single file.


  [1;33mWarning number 3[0m
  [36m/Users/r2/Desktop/robust-virtual-tour-builder/tests/unit/TeaserPathfinderTest.res[0m:[2m69:40-52[0m

  67 [2m┆[0m assert(mock["getCallCount"]() == 1)
  68 [2m┆[0m let p2 = mock["getLastPayload"]()
  [1;33m69[0m [2m┆[0m let p2Dict = p2->JSON.Decode.object->[1;33mOption.getExn[0m
  70 [2m┆[0m assert(p2Dict->Dict.get("type")->Option.flatMap(JSON.Decode.string) == 
     [2m┆[0m Some("timeline"))
  71 [2m┆[0m assert(p2Dict

  deprecated: Stdlib.Option.getExn
  Use `getOrThrow` instead

  This can be automatically migrated by the ReScript migration tool. Run `rescript-tools migrate-all <project-root>` to run all automatic migrations available in your project, or `rescript-tools migrate <file>` to migrate a single file.


  [1;33mWarning number 33[0m
  [36m/Users/r2/Desktop/robust-virtual-tour-builder/tests/unit/TeaserPathfinderTest.res[0m:[2m3:1-15[0m

  1 [2m│[0m /* tests/unit/TeaserPathfinderTest.res */
  2 [2m│[0m open TeaserPathfinder
  [1;33m3[0m [2m│[0m [1;33mopen ReBindings[0m
  4 [2m│[0m 
  5 [2m│[0m type mockObj = {

  unused open ReBindings.


  [1;33mWarning number 3[0m
  [36m/Users/r2/Desktop/robust-virtual-tour-builder/src/components/ViewerLoader.res[0m:[2m7:28-36[0m

  5 [2m│[0m external castToString: 'a => string = "%identity"
  6 [2m│[0m external castToBlob: 'a => Blob.t = "%identity"
  [1;33m7[0m [2m│[0m external castToDict: 'a => [1;33mJs.Dict.t[0m<'b> = "%identity"
  8 [2m│[0m external asDynamic: 'a => {..} = "%identity"
  9 [2m│[0m 

  deprecated: Js.Dict.t
  Use `dict` directly instead.

  This can be automatically migrated by the ReScript migration tool. Run `rescript-tools migrate-all <project-root>` to run all automatic migrations available in your project, or `rescript-tools migrate <file>` to migrate a single file.


  [1;33mWarning number 3[0m
  [36m/Users/r2/Desktop/robust-virtual-tour-builder/src/components/ViewerLoader.res[0m:[2m381:22-32[0m

  379 [2m┆[0m if !useProgressive {
  380 [2m┆[0m   let configDict = castToDict(viewerConfig)
  [1;33m381[0m [2m┆[0m   switch [1;33mJs.Dict.get[0m(configDict, "scenes") {
  382 [2m┆[0m   | Some(scenes) =>
  383 [2m┆[0m     let scenesDict = castToDict(scenes)

  deprecated: Js.Dict.get
  Use `Dict.get` instead.

  This can be automatically migrated by the ReScript migration tool. Run `rescript-tools migrate-all <project-root>` to run all automatic migrations available in your project, or `rescript-tools migrate <file>` to migrate a single file.


  [1;33mWarning number 3[0m
  [36m/Users/r2/Desktop/robust-virtual-tour-builder/src/components/ViewerLoader.res[0m:[2m388:22-32[0m

  386 [2m┆[0m }
  387 [2m┆[0m 
  [1;33m388[0m [2m┆[0m switch [1;33mJs.Dict.get[0m(configDict, "default") {
  389 [2m┆[0m | Some(def) =>
  390 [2m┆[0m   let defDyn = asDynamic(def)

  deprecated: Js.Dict.get
  Use `Dict.get` instead.

  This can be automatically migrated by the ReScript migration tool. Run `rescript-tools migrate-all <project-root>` to run all automatic migrations available in your project, or `rescript-tools migrate <file>` to migrate a single file.


  [1;33mWarning number 26[0m
  [36m/Users/r2/Desktop/robust-virtual-tour-builder/src/components/ViewerLoader.res[0m:[2m383:21-30[0m

  381 [2m┆[0m switch Js.Dict.get(configDict, "scenes") {
  382 [2m┆[0m | Some(scenes) =>
  [1;33m383[0m [2m┆[0m   let [1;33mscenesDict[0m = castToDict(scenes)
  384 [2m┆[0m   let _ = %raw("delete scenesDict['preview']")
  385 [2m┆[0m | None => ()

  unused variable scenesDict.

Fix this by:
- Deleting the variable if it's not used anymore.
- Prepending the variable name with `_` (like `_scenesDict`) to ignore that the variable is unused.
- Using the variable somewhere.


  [1;33mWarning number 45[0m
  [36m/Users/r2/Desktop/robust-virtual-tour-builder/tests/unit/NavigationRendererTest.res[0m:[2m4:1-13[0m

  2 [2m│[0m open NavigationRenderer
  3 [2m│[0m open Types
  [1;33m4[0m [2m│[0m [1;33mopen EventBus[0m
  5 [2m│[0m 
  6 [2m│[0m let run = () => {

  this open statement shadows the label journeyId (which is later used)


  [1;33mWarning number 45[0m
  [36m/Users/r2/Desktop/robust-virtual-tour-builder/tests/unit/NavigationRendererTest.res[0m:[2m4:1-13[0m

  2 [2m│[0m open NavigationRenderer
  3 [2m│[0m open Types
  [1;33m4[0m [2m│[0m [1;33mopen EventBus[0m
  5 [2m│[0m 
  6 [2m│[0m let run = () => {

  this open statement shadows the label pathData (which is later used)


  [1;33mWarning number 45[0m
  [36m/Users/r2/Desktop/robust-virtual-tour-builder/tests/unit/NavigationRendererTest.res[0m:[2m4:1-13[0m

  2 [2m│[0m open NavigationRenderer
  3 [2m│[0m open Types
  [1;33m4[0m [2m│[0m [1;33mopen EventBus[0m
  5 [2m│[0m 
  6 [2m│[0m let run = () => {

  this open statement shadows the label sourceIndex (which is later used)


  [1;33mWarning number 45[0m
  [36m/Users/r2/Desktop/robust-virtual-tour-builder/tests/unit/NavigationRendererTest.res[0m:[2m4:1-13[0m

  2 [2m│[0m open NavigationRenderer
  3 [2m│[0m open Types
  [1;33m4[0m [2m│[0m [1;33mopen EventBus[0m
  5 [2m│[0m 
  6 [2m│[0m let run = () => {

  this open statement shadows the label targetIndex (which is later used)


  [1;33mWarning number 45[0m
  [36m/Users/r2/Desktop/robust-virtual-tour-builder/tests/unit/NavigationRendererTest.res[0m:[2m4:1-13[0m

  2 [2m│[0m open NavigationRenderer
  3 [2m│[0m open Types
  [1;33m4[0m [2m│[0m [1;33mopen EventBus[0m
  5 [2m│[0m 
  6 [2m│[0m let run = () => {

  this open statement shadows the label hotspotIndex (which is later used)


  [1;33mWarning number 45[0m
  [36m/Users/r2/Desktop/robust-virtual-tour-builder/tests/unit/NavigationRendererTest.res[0m:[2m4:1-13[0m

  2 [2m│[0m open NavigationRenderer
  3 [2m│[0m open Types
  [1;33m4[0m [2m│[0m [1;33mopen EventBus[0m
  5 [2m│[0m 
  6 [2m│[0m let run = () => {

  this open statement shadows the label previewOnly (which is later used)


  [1;33mWarning number 3[0m
  [36m/Users/r2/Desktop/robust-virtual-tour-builder/tests/unit/NavigationRendererTest.res[0m:[2m189:8-24[0m

  187 [2m┆[0m 
  188 [2m┆[0m let yaw = getViewerYaw()
  [1;33m189[0m [2m┆[0m if [1;33mJs.Math.abs_float[0m(yaw -. 50.0) > 1.0 {
  190 [2m┆[0m   Console.log(
  191 [2m┆[0m     "    FAILED: Interpolation 50% incorrect. Expected ~50, got " ++ F
      [2m┆[0m loat.toString(yaw),

  deprecated: Js.Math.abs_float
  Use `Math.abs` instead.

  This can be automatically migrated by the ReScript migration tool. Run `rescript-tools migrate-all <project-root>` to run all automatic migrations available in your project, or `rescript-tools migrate <file>` to migrate a single file.


  [1;33mWarning number 3[0m
  [36m/Users/r2/Desktop/robust-virtual-tour-builder/tests/unit/NavigationRendererTest.res[0m:[2m201:8-24[0m

  199 [2m┆[0m 
  200 [2m┆[0m let yawEnd = getViewerYaw()
  [1;33m201[0m [2m┆[0m if [1;33mJs.Math.abs_float[0m(yawEnd -. 100.0) > 0.1 {
  202 [2m┆[0m   Console.log(
  203 [2m┆[0m     "    FAILED: End position incorrect. Expected 100, got " ++ Float.
      [2m┆[0m toString(yawEnd),

  deprecated: Js.Math.abs_float
  Use `Math.abs` instead.

  This can be automatically migrated by the ReScript migration tool. Run `rescript-tools migrate-all <project-root>` to run all automatic migrations available in your project, or `rescript-tools migrate <file>` to migrate a single file.


  [1;33mWarning number 3[0m
  [36m/Users/r2/Desktop/robust-virtual-tour-builder/src/systems/ExifReportGenerator.res[0m:[2m30:32-40[0m

  28 [2m│[0m   }
  29 [2m│[0m 
  [1;33m30[0m [2m│[0m external castToDict: JSON.t => [1;33mJs.Dict.t[0m<JSON.t> = "%identity"
  31 [2m│[0m external castToJson: 'a => JSON.t = "%identity"
  32 [2m│[0m 

  deprecated: Js.Dict.t
  Use `dict` directly instead.

  This can be automatically migrated by the ReScript migration tool. Run `rescript-tools migrate-all <project-root>` to run all automatic migrations available in your project, or `rescript-tools migrate <file>` to migrate a single file.


  [1;33mWarning number 26[0m
  [36m/Users/r2/Desktop/robust-virtual-tour-builder/tests/unit/ExifReportGeneratorTest.res[0m:[2m8:7-11[0m

   6 [2m┆[0m // Debug regex
   7 [2m┆[0m let dt = "2025:01:15 14:30"
   [1;33m8[0m [2m┆[0m let [1;33mregex[0m = /\\d{4}:\\d{2}:\\d{2}\\s+\\d{2}:\\d{2}/
   9 [2m┆[0m // In ReScript, if we use %re("/.../"), backslashes MUST be escaped if 
     [2m┆[0m we want them in the final JS string?
  10 [2m┆[0m // Actually, %re("/") uses the same escaping as JS /.../

  unused variable regex.

Fix this by:
- Deleting the variable if it's not used anymore.
- Prepending the variable name with `_` (like `_regex`) to ignore that the variable is unused.
- Using the variable somewhere.


  [1;33mWarning number 3[0m
  [36m/Users/r2/Desktop/robust-virtual-tour-builder/src/components/SceneList.res[0m:[2m220:20-38[0m

  218 [2m┆[0m let totalHeight = Array.length(state.scenes)->Int.toFloat *. itemHeigh
      [2m┆[0m t
  219 [2m┆[0m 
  [1;33m220[0m [2m┆[0m let startIndex = [1;33mJs.Math.floor_float[0m(scrollTop /. itemHeight) -. buffe
      [2m┆[0m [1;33mr->Int.toFloat[0m
  221 [2m┆[0m let startIndex = Js.Math.max_float(0.0, startIndex)->Float.toInt
  222 [2m┆[0m 

  deprecated: Js.Math.floor_float
  Use `Math.floor` instead.

  This can be automatically migrated by the ReScript migration tool. Run `rescript-tools migrate-all <project-root>` to run all automatic migrations available in your project, or `rescript-tools migrate <file>` to migrate a single file.


  [1;33mWarning number 3[0m
  [36m/Users/r2/Desktop/robust-virtual-tour-builder/src/components/SceneList.res[0m:[2m221:20-36[0m

  219 [2m┆[0m 
  220 [2m┆[0m let startIndex = Js.Math.floor_float(scrollTop /. itemHeight) -. buffe
      [2m┆[0m r->Int.toFloat
  [1;33m221[0m [2m┆[0m let startIndex = [1;33mJs.Math.max_float[0m(0.0, startIndex)->Float.toInt
  222 [2m┆[0m 
  223 [2m┆[0m let visibleCount = Js.Math.ceil_float(viewportHeight /. itemHeight)

  deprecated: Js.Math.max_float
  Use `Math.max` instead.

  This can be automatically migrated by the ReScript migration tool. Run `rescript-tools migrate-all <project-root>` to run all automatic migrations available in your project, or `rescript-tools migrate <file>` to migrate a single file.


  [1;33mWarning number 3[0m
  [36m/Users/r2/Desktop/robust-virtual-tour-builder/src/components/SceneList.res[0m:[2m223:22-39[0m

  221 [2m┆[0m let startIndex = Js.Math.max_float(0.0, startIndex)->Float.toInt
  222 [2m┆[0m 
  [1;33m223[0m [2m┆[0m let visibleCount = [1;33mJs.Math.ceil_float[0m(viewportHeight /. itemHeight)
  224 [2m┆[0m let endIndex = startIndex + visibleCount->Float.toInt + buffer * 2
  225 [2m┆[0m let endIndex = Js.Math.min_int(Array.length(state.scenes) - 1, endInde
      [2m┆[0m x)

  deprecated: Js.Math.ceil_float
  Use `Math.ceil` instead.

  This can be automatically migrated by the ReScript migration tool. Run `rescript-tools migrate-all <project-root>` to run all automatic migrations available in your project, or `rescript-tools migrate <file>` to migrate a single file.


  [1;33mWarning number 3[0m
  [36m/Users/r2/Desktop/robust-virtual-tour-builder/src/components/SceneList.res[0m:[2m225:18-32[0m

  223 [2m┆[0m let visibleCount = Js.Math.ceil_float(viewportHeight /. itemHeight)
  224 [2m┆[0m let endIndex = startIndex + visibleCount->Float.toInt + buffer * 2
  [1;33m225[0m [2m┆[0m let endIndex = [1;33mJs.Math.min_int[0m(Array.length(state.scenes) - 1, endInde
      [2m┆[0m [1;33mx)[0m
  226 [2m┆[0m 
  227 [2m┆[0m let handleSceneClick = (index, _e) => {

  deprecated: Js.Math.min_int
  Use `Math.Int.min` instead.

  This can be automatically migrated by the ReScript migration tool. Run `rescript-tools migrate-all <project-root>` to run all automatic migrations available in your project, or `rescript-tools migrate <file>` to migrate a single file.


  [1;33mWarning number 3[0m
  [36m/Users/r2/Desktop/robust-virtual-tour-builder/src/systems/UploadProcessor.res[0m:[2m10:32-40[0m

   8 [2m│[0m 
   9 [2m│[0m external castToJson: 'a => JSON.t = "%identity"
  [1;33m10[0m [2m│[0m external castToDict: JSON.t => [1;33mJs.Dict.t[0m<JSON.t> = "%identity"
  11 [2m│[0m 
  12 [2m│[0m /* Bindings for External Systems */

  deprecated: Js.Dict.t
  Use `dict` directly instead.

  This can be automatically migrated by the ReScript migration tool. Run `rescript-tools migrate-all <project-root>` to run all automatic migrations available in your project, or `rescript-tools migrate <file>` to migrate a single file.


  [1;33mWarning number 45[0m
  [36m/Users/r2/Desktop/robust-virtual-tour-builder/src/systems/UploadProcessor.res[0m:[2m3:1-10[0m

  1 [2m│[0m open ReBindings
  2 [2m│[0m open SharedTypes
  [1;33m3[0m [2m│[0m [1;33mopen Types[0m
  4 [2m│[0m 
  5 [2m│[0m /* Bindings for File API */

  this open statement shadows the label quality (which is later used)


  [1;33mWarning number 3[0m
  [36m/Users/r2/Desktop/robust-virtual-tour-builder/src/systems/UploadProcessor.res[0m:[2m465:27-37[0m

  463 [2m┆[0m 
  464 [2m┆[0m // Using unsafe cast to mix types in dict for JSON payload - essential
      [2m┆[0m ly treated as {..} by consumer
  [1;33m465[0m [2m┆[0m [1;33mJs.Dict.set[0m(obj, "original", castToJson(item.original))
  466 [2m┆[0m Js.Dict.set(obj, "preview", castToJson(preview))
  467 [2m┆[0m Js.Dict.set(obj, "tiny", castToJson(tiny))

  deprecated: Js.Dict.set
  Use `Dict.set` instead.

  This can be automatically migrated by the ReScript migration tool. Run `rescript-tools migrate-all <project-root>` to run all automatic migrations available in your project, or `rescript-tools migrate <file>` to migrate a single file.


  [1;33mWarning number 3[0m
  [36m/Users/r2/Desktop/robust-virtual-tour-builder/src/systems/UploadProcessor.res[0m:[2m466:27-37[0m

  464 [2m┆[0m // Using unsafe cast to mix types in dict for JSON payload - essential
      [2m┆[0m ly treated as {..} by consumer
  465 [2m┆[0m Js.Dict.set(obj, "original", castToJson(item.original))
  [1;33m466[0m [2m┆[0m [1;33mJs.Dict.set[0m(obj, "preview", castToJson(preview))
  467 [2m┆[0m Js.Dict.set(obj, "tiny", castToJson(tiny))
  468 [2m┆[0m Js.Dict.set(obj, "quality", Option.getOr(item.quality, JSON.Encode.nul
      [2m┆[0m l))

  deprecated: Js.Dict.set
  Use `Dict.set` instead.

  This can be automatically migrated by the ReScript migration tool. Run `rescript-tools migrate-all <project-root>` to run all automatic migrations available in your project, or `rescript-tools migrate <file>` to migrate a single file.


  [1;33mWarning number 3[0m
  [36m/Users/r2/Desktop/robust-virtual-tour-builder/src/systems/UploadProcessor.res[0m:[2m467:27-37[0m

  465 [2m┆[0m Js.Dict.set(obj, "original", castToJson(item.original))
  466 [2m┆[0m Js.Dict.set(obj, "preview", castToJson(preview))
  [1;33m467[0m [2m┆[0m [1;33mJs.Dict.set[0m(obj, "tiny", castToJson(tiny))
  468 [2m┆[0m Js.Dict.set(obj, "quality", Option.getOr(item.quality, JSON.Encode.nul
      [2m┆[0m l))
  469 [2m┆[0m Js.Dict.set(

  deprecated: Js.Dict.set
  Use `Dict.set` instead.

  This can be automatically migrated by the ReScript migration tool. Run `rescript-tools migrate-all <project-root>` to run all automatic migrations available in your project, or `rescript-tools migrate <file>` to migrate a single file.


  [1;33mWarning number 3[0m
  [36m/Users/r2/Desktop/robust-virtual-tour-builder/src/systems/UploadProcessor.res[0m:[2m468:27-37[0m

  466 [2m┆[0m Js.Dict.set(obj, "preview", castToJson(preview))
  467 [2m┆[0m Js.Dict.set(obj, "tiny", castToJson(tiny))
  [1;33m468[0m [2m┆[0m [1;33mJs.Dict.set[0m(obj, "quality", Option.getOr(item.quality, JSON.Encode.nul
      [2m┆[0m [1;33ml))[0m
  469 [2m┆[0m Js.Dict.set(
  470 [2m┆[0m   obj,

  deprecated: Js.Dict.set
  Use `Dict.set` instead.

  This can be automatically migrated by the ReScript migration tool. Run `rescript-tools migrate-all <project-root>` to run all automatic migrations available in your project, or `rescript-tools migrate <file>` to migrate a single file.


  [1;33mWarning number 3[0m
  [36m/Users/r2/Desktop/robust-virtual-tour-builder/src/systems/UploadProcessor.res[0m:[2m469:27-37[0m

  467 [2m┆[0m Js.Dict.set(obj, "tiny", castToJson(tiny))
  468 [2m┆[0m Js.Dict.set(obj, "quality", Option.getOr(item.quality, JSON.Encode.nul
      [2m┆[0m l))
  [1;33m469[0m [2m┆[0m [1;33mJs.Dict.set[0m(
  470 [2m┆[0m   obj,
  471 [2m┆[0m   "metadata",

  deprecated: Js.Dict.set
  Use `Dict.set` instead.

  This can be automatically migrated by the ReScript migration tool. Run `rescript-tools migrate-all <project-root>` to run all automatic migrations available in your project, or `rescript-tools migrate <file>` to migrate a single file.


  [1;33mWarning number 3[0m
  [36m/Users/r2/Desktop/robust-virtual-tour-builder/src/systems/UploadProcessor.res[0m:[2m474:27-37[0m

  472 [2m┆[0m   Option.getOr(item.metadata, JSON.Encode.null),
  473 [2m┆[0m )
  [1;33m474[0m [2m┆[0m [1;33mJs.Dict.set[0m(
  475 [2m┆[0m   obj,
  476 [2m┆[0m   "colorGroup",

  deprecated: Js.Dict.set
  Use `Dict.set` instead.

  This can be automatically migrated by the ReScript migration tool. Run `rescript-tools migrate-all <project-root>` to run all automatic migrations available in your project, or `rescript-tools migrate <file>` to migrate a single file.


  [1;33mWarning number 21[0m
  [36m/Users/r2/Desktop/robust-virtual-tour-builder/src/systems/SimulationSystem.res[0m:[2m176:7-49[0m

  174 [2m┆[0m ReBindings.Dom.appendChild(el, span)
  175 [2m┆[0m 
  [1;33m176[0m [2m┆[0m [1;33mstyle["removeProperty"]("background-color")[0m
  177 [2m┆[0m style["setProperty"]("background-color", "#10b981", "important")
  178 [2m┆[0m asDynamic(el)["title"] = "Start Auto-Pilot Simulation"

  this statement never returns (or has an unsound type.)


  [1;33mWarning number 21[0m
  [36m/Users/r2/Desktop/robust-virtual-tour-builder/src/systems/SimulationSystem.res[0m:[2m177:7-70[0m

  175 [2m┆[0m 
  176 [2m┆[0m   style["removeProperty"]("background-color")
  [1;33m177[0m [2m┆[0m   [1;33mstyle["setProperty"]("background-color", "#10b981", "important")[0m
  178 [2m┆[0m   asDynamic(el)["title"] = "Start Auto-Pilot Simulation"
  179 [2m┆[0m | None => ()

  this statement never returns (or has an unsound type.)


  [1;33mWarning number 21[0m
  [36m/Users/r2/Desktop/robust-virtual-tour-builder/src/systems/SimulationSystem.res[0m:[2m474:7-49[0m

  472 [2m┆[0m ReBindings.Dom.appendChild(el, span)
  473 [2m┆[0m 
  [1;33m474[0m [2m┆[0m [1;33mstyle["removeProperty"]("background-color")[0m
  475 [2m┆[0m style["setProperty"]("background-color", "#dc3545", "important")
  476 [2m┆[0m asDynamic(el)["title"] = "Click to Stop Simulation"

  this statement never returns (or has an unsound type.)


  [1;33mWarning number 21[0m
  [36m/Users/r2/Desktop/robust-virtual-tour-builder/src/systems/SimulationSystem.res[0m:[2m475:7-70[0m

  473 [2m┆[0m 
  474 [2m┆[0m style["removeProperty"]("background-color")
  [1;33m475[0m [2m┆[0m [1;33mstyle["setProperty"]("background-color", "#dc3545", "important")[0m
  476 [2m┆[0m asDynamic(el)["title"] = "Click to Stop Simulation"
  477 [2m┆[0m ignore(asDynamic(el)["offsetHeight"]) // Trigget reflow

  this statement never returns (or has an unsound type.)


