
> robust-virtual-tour-builder@4.5.1 test:frontend
> NODE_ENV=test node --import ./tests/node-setup.js tests/TestRunner.bs.js && vitest run

Starting Frontend Unit Tests...
All frontend tests passed successfully! 🎉

[1m[46m RUN [49m[22m [36mv4.0.17 [39m[90m/Users/r2/Desktop/robust-virtual-tour-builder[39m

[90mstderr[2m | tests/unit/SceneList_v.test.bs.js[2m > [22m[2mSceneList[2m > [22m[2mshould render scenes when populated
[22m[39mAn empty string ("") was passed to the src attribute. This may cause the browser to download the whole page again over the network. To fix this, either do not render the element at all or pass null to src instead of an empty string.

[90mstderr[2m | tests/unit/SceneList_v.test.bs.js[2m > [22m[2mSceneList[2m > [22m[2mshould respect virtualization and only render subset of many scenes
[22m[39mAn empty string ("") was passed to the src attribute. This may cause the browser to download the whole page again over the network. To fix this, either do not render the element at all or pass null to src instead of an empty string.
An empty string ("") was passed to the src attribute. This may cause the browser to download the whole page again over the network. To fix this, either do not render the element at all or pass null to src instead of an empty string.
An empty string ("") was passed to the src attribute. This may cause the browser to download the whole page again over the network. To fix this, either do not render the element at all or pass null to src instead of an empty string.
An empty string ("") was passed to the src attribute. This may cause the browser to download the whole page again over the network. To fix this, either do not render the element at all or pass null to src instead of an empty string.
An empty string ("") was passed to the src attribute. This may cause the browser to download the whole page again over the network. To fix this, either do not render the element at all or pass null to src instead of an empty string.
An empty string ("") was passed to the src attribute. This may cause the browser to download the whole page again over the network. To fix this, either do not render the element at all or pass null to src instead of an empty string.
An empty string ("") was passed to the src attribute. This may cause the browser to download the whole page again over the network. To fix this, either do not render the element at all or pass null to src instead of an empty string.
An empty string ("") was passed to the src attribute. This may cause the browser to download the whole page again over the network. To fix this, either do not render the element at all or pass null to src instead of an empty string.
An empty string ("") was passed to the src attribute. This may cause the browser to download the whole page again over the network. To fix this, either do not render the element at all or pass null to src instead of an empty string.
An empty string ("") was passed to the src attribute. This may cause the browser to download the whole page again over the network. To fix this, either do not render the element at all or pass null to src instead of an empty string.
An empty string ("") was passed to the src attribute. This may cause the browser to download the whole page again over the network. To fix this, either do not render the element at all or pass null to src instead of an empty string.
An empty string ("") was passed to the src attribute. This may cause the browser to download the whole page again over the network. To fix this, either do not render the element at all or pass null to src instead of an empty string.
An empty string ("") was passed to the src attribute. This may cause the browser to download the whole page again over the network. To fix this, either do not render the element at all or pass null to src instead of an empty string.
An empty string ("") was passed to the src attribute. This may cause the browser to download the whole page again over the network. To fix this, either do not render the element at all or pass null to src instead of an empty string.
An empty string ("") was passed to the src attribute. This may cause the browser to download the whole page again over the network. To fix this, either do not render the element at all or pass null to src instead of an empty string.
An empty string ("") was passed to the src attribute. This may cause the browser to download the whole page again over the network. To fix this, either do not render the element at all or pass null to src instead of an empty string.
An empty string ("") was passed to the src attribute. This may cause the browser to download the whole page again over the network. To fix this, either do not render the element at all or pass null to src instead of an empty string.
An empty string ("") was passed to the src attribute. This may cause the browser to download the whole page again over the network. To fix this, either do not render the element at all or pass null to src instead of an empty string.
An empty string ("") was passed to the src attribute. This may cause the browser to download the whole page again over the network. To fix this, either do not render the element at all or pass null to src instead of an empty string.
An empty string ("") was passed to the src attribute. This may cause the browser to download the whole page again over the network. To fix this, either do not render the element at all or pass null to src instead of an empty string.
An empty string ("") was passed to the src attribute. This may cause the browser to download the whole page again over the network. To fix this, either do not render the element at all or pass null to src instead of an empty string.
An empty string ("") was passed to the src attribute. This may cause the browser to download the whole page again over the network. To fix this, either do not render the element at all or pass null to src instead of an empty string.
An empty string ("") was passed to the src attribute. This may cause the browser to download the whole page again over the network. To fix this, either do not render the element at all or pass null to src instead of an empty string.
An empty string ("") was passed to the src attribute. This may cause the browser to download the whole page again over the network. To fix this, either do not render the element at all or pass null to src instead of an empty string.
An empty string ("") was passed to the src attribute. This may cause the browser to download the whole page again over the network. To fix this, either do not render the element at all or pass null to src instead of an empty string.
An empty string ("") was passed to the src attribute. This may cause the browser to download the whole page again over the network. To fix this, either do not render the element at all or pass null to src instead of an empty string.
An empty string ("") was passed to the src attribute. This may cause the browser to download the whole page again over the network. To fix this, either do not render the element at all or pass null to src instead of an empty string.
An empty string ("") was passed to the src attribute. This may cause the browser to download the whole page again over the network. To fix this, either do not render the element at all or pass null to src instead of an empty string.
An empty string ("") was passed to the src attribute. This may cause the browser to download the whole page again over the network. To fix this, either do not render the element at all or pass null to src instead of an empty string.
An empty string ("") was passed to the src attribute. This may cause the browser to download the whole page again over the network. To fix this, either do not render the element at all or pass null to src instead of an empty string.
An empty string ("") was passed to the src attribute. This may cause the browser to download the whole page again over the network. To fix this, either do not render the element at all or pass null to src instead of an empty string.
An empty string ("") was passed to the src attribute. This may cause the browser to download the whole page again over the network. To fix this, either do not render the element at all or pass null to src instead of an empty string.
An empty string ("") was passed to the src attribute. This may cause the browser to download the whole page again over the network. To fix this, either do not render the element at all or pass null to src instead of an empty string.

[90mstderr[2m | tests/unit/SceneList_v.test.bs.js[2m > [22m[2mSceneList[2m > [22m[2mshould throttle scene switching clicks
[22m[39mAn empty string ("") was passed to the src attribute. This may cause the browser to download the whole page again over the network. To fix this, either do not render the element at all or pass null to src instead of an empty string.
An empty string ("") was passed to the src attribute. This may cause the browser to download the whole page again over the network. To fix this, either do not render the element at all or pass null to src instead of an empty string.

[90mstderr[2m | tests/unit/Sidebar_v.test.bs.js[2m > [22m[2mSidebar[2m > [22m[2mshould handle 'New' button click with confirmation if scenes exist
[22m[39mAn empty string ("") was passed to the src attribute. This may cause the browser to download the whole page again over the network. To fix this, either do not render the element at all or pass null to src instead of an empty string.

 [32m✓[39m tests/unit/RequestQueue_v.test.bs.js [2m([22m[2m5 tests[22m[2m)[22m[33m 503[2mms[22m[39m
     [33m[2m✓[22m[39m tasks are queued and limited by maxConcurrent [33m 501[2mms[22m[39m
 [32m✓[39m tests/unit/ViewerManager_v.test.bs.js [2m([22m[2m7 tests[22m[2m)[22m[33m 366[2mms[22m[39m
 [32m✓[39m tests/unit/Sidebar_v.test.bs.js [2m([22m[2m4 tests[22m[2m)[22m[33m 464[2mms[22m[39m
 [32m✓[39m tests/unit/LabelMenu_v.test.bs.js [2m([22m[2m3 tests[22m[2m)[22m[33m 614[2mms[22m[39m
 [32m✓[39m tests/unit/ModalContext_v.test.bs.js [2m([22m[2m4 tests[22m[2m)[22m[33m 675[2mms[22m[39m
 [32m✓[39m tests/unit/PopOver_v.test.bs.js [2m([22m[2m5 tests[22m[2m)[22m[33m 762[2mms[22m[39m
 [32m✓[39m tests/unit/Shadcn_v.test.bs.js [2m([22m[2m9 tests[22m[2m)[22m[32m 213[2mms[22m[39m
 [32m✓[39m tests/unit/ViewerUI_v.test.bs.js [2m([22m[2m5 tests[22m[2m)[22m[33m 874[2mms[22m[39m
 [32m✓[39m tests/unit/App_v.test.bs.js [2m([22m[2m3 tests[22m[2m)[22m[33m 315[2mms[22m[39m
 [32m✓[39m tests/unit/SceneList_v.test.bs.js [2m([22m[2m4 tests[22m[2m)[22m[33m 1016[2mms[22m[39m
     [33m[2m✓[22m[39m should throttle scene switching clicks [33m 754[2mms[22m[39m
 [32m✓[39m tests/unit/Portal_v.test.bs.js [2m([22m[2m2 tests[22m[2m)[22m[32m 208[2mms[22m[39m
 [32m✓[39m tests/unit/NavigationUI_v.test.bs.js [2m([22m[2m3 tests[22m[2m)[22m[32m 162[2mms[22m[39m
 [32m✓[39m tests/unit/HotspotActionMenu_v.test.bs.js [2m([22m[2m3 tests[22m[2m)[22m[32m 166[2mms[22m[39m
 [32m✓[39m tests/unit/NotificationContext_v.test.bs.js [2m([22m[2m2 tests[22m[2m)[22m[32m 163[2mms[22m[39m
 [32m✓[39m tests/unit/InputSystem_v.test.bs.js [2m([22m[2m3 tests[22m[2m)[22m[32m 115[2mms[22m[39m
 [32m✓[39m tests/unit/AppErrorBoundary_v.test.bs.js [2m([22m[2m2 tests[22m[2m)[22m[32m 158[2mms[22m[39m
 [32m✓[39m tests/unit/ViewerSnapshot_v.test.bs.js [2m([22m[2m3 tests[22m[2m)[22m[32m 118[2mms[22m[39m
 [32m✓[39m tests/unit/ErrorFallbackUI_v.test.bs.js [2m([22m[2m2 tests[22m[2m)[22m[32m 126[2mms[22m[39m
 [32m✓[39m tests/unit/VisualPipeline_v.test.bs.js [2m([22m[2m6 tests[22m[2m)[22m[32m 69[2mms[22m[39m
 [32m✓[39m tests/unit/Tooltip_v.test.bs.js [2m([22m[2m2 tests[22m[2m)[22m[32m 105[2mms[22m[39m
 [32m✓[39m tests/unit/LucideIcons_v.test.bs.js [2m([22m[2m33 tests[22m[2m)[22m[32m 64[2mms[22m[39m
 [32m✓[39m tests/unit/SimulationDriver_v.test.bs.js [2m([22m[2m4 tests[22m[2m)[22m[32m 55[2mms[22m[39m
Not implemented: navigation to another Document
Not implemented: navigation to another Document
 [32m✓[39m tests/unit/DownloadSystem_v.test.bs.js [2m([22m[2m6 tests[22m[2m)[22m[32m 16[2mms[22m[39m
 [32m✓[39m tests/unit/UploadProcessor_v.test.bs.js [2m([22m[2m3 tests[22m[2m)[22m[32m 17[2mms[22m[39m
 [32m✓[39m tests/unit/VideoEncoder_v.test.bs.js [2m([22m[2m3 tests[22m[2m)[22m[32m 23[2mms[22m[39m
Not implemented: navigation to another Document
 [32m✓[39m tests/unit/Exporter_v.test.bs.js [2m([22m[2m2 tests[22m[2m)[22m[32m 14[2mms[22m[39m
 [32m✓[39m tests/unit/ExifReportGenerator_v.test.bs.js [2m([22m[2m5 tests[22m[2m)[22m[32m 12[2mms[22m[39m
 [32m✓[39m tests/unit/ViewerFollow_v.test.bs.js [2m([22m[2m4 tests[22m[2m)[22m[32m 7[2mms[22m[39m
 [32m✓[39m tests/unit/ReducerHelpers_v.test.bs.js [2m([22m[2m12 tests[22m[2m)[22m[32m 13[2mms[22m[39m
 [32m✓[39m tests/unit/PreviewArrow_v.test.bs.js [2m([22m[2m2 tests[22m[2m)[22m[33m 2213[2mms[22m[39m
     [33m[2m✓[22m[39m should render arrow and handle interactions [33m 1109[2mms[22m[39m
     [33m[2m✓[22m[39m should handle delete click [33m 1103[2mms[22m[39m
 [32m✓[39m tests/unit/AudioManager_v.test.bs.js [2m([22m[2m4 tests[22m[2m)[22m[32m 15[2mms[22m[39m
 [32m✓[39m tests/unit/HotspotLineLogic_v.test.bs.js [2m([22m[2m11 tests[22m[2m)[22m[32m 16[2mms[22m[39m
 [32m✓[39m tests/unit/ServiceWorker_v.test.bs.js [2m([22m[2m3 tests[22m[2m)[22m[32m 15[2mms[22m[39m
[90mstdout[2m | tests/unit/ExifParser_v.test.bs.js[2m > [22m[2mExifParser[2m > [22m[2mextractExifTags[2m > [22m[2mreturns error on ExifReader exception
[22m[39mMock Logger received exn: {
  RE_EXN_ID: [32m'JsExn'[39m,
  _1: Error: Corrupt file
      at makeError [90m(/Users/r2/Desktop/robust-virtual-tour-builder/[39mtests/unit/ExifParser_v.test.bs.js:11:41[90m)[39m
      at [90m/Users/r2/Desktop/robust-virtual-tour-builder/[39mtests/unit/ExifParser_v.test.bs.js:299:41
      at [90mfile:///Users/r2/Desktop/robust-virtual-tour-builder/[39mnode_modules/[4m@vitest/runner[24m/dist/index.js:145:11
      at [90mfile:///Users/r2/Desktop/robust-virtual-tour-builder/[39mnode_modules/[4m@vitest/runner[24m/dist/index.js:915:26
      at [90mfile:///Users/r2/Desktop/robust-virtual-tour-builder/[39mnode_modules/[4m@vitest/runner[24m/dist/index.js:1243:20
      at new Promise (<anonymous>)
      at runWithTimeout [90m(file:///Users/r2/Desktop/robust-virtual-tour-builder/[39mnode_modules/[4m@vitest/runner[24m/dist/index.js:1209:10[90m)[39m
      at [90mfile:///Users/r2/Desktop/robust-virtual-tour-builder/[39mnode_modules/[4m@vitest/runner[24m/dist/index.js:1653:37
      at Traces.$ [90m(file:///Users/r2/Desktop/robust-virtual-tour-builder/[39mnode_modules/[4mvitest[24m/dist/chunks/traces.CCmnQaNT.js:142:27[90m)[39m
      at trace [90m(file:///Users/r2/Desktop/robust-virtual-tour-builder/[39mnode_modules/[4mvitest[24m/dist/chunks/test.B8ej_ZHS.js:239:21[90m)[39m
}

[90mstdout[2m | tests/unit/ExifParser_v.test.bs.js[2m > [22m[2mExifParser[2m > [22m[2manalyzeImageQuality[2m > [22m[2mhandles backend failure
[22m[39mMock Logger received exn: {
  RE_EXN_ID: [32m'JsExn'[39m,
  _1: Error: Network Error
      at makeError [90m(/Users/r2/Desktop/robust-virtual-tour-builder/[39mtests/unit/ExifParser_v.test.bs.js:11:41[90m)[39m
      at [90m/Users/r2/Desktop/robust-virtual-tour-builder/[39mtests/unit/ExifParser_v.test.bs.js:334:36
      at [90mfile:///Users/r2/Desktop/robust-virtual-tour-builder/[39mnode_modules/[4m@vitest/runner[24m/dist/index.js:145:11
      at [90mfile:///Users/r2/Desktop/robust-virtual-tour-builder/[39mnode_modules/[4m@vitest/runner[24m/dist/index.js:915:26
      at [90mfile:///Users/r2/Desktop/robust-virtual-tour-builder/[39mnode_modules/[4m@vitest/runner[24m/dist/index.js:1243:20
      at new Promise (<anonymous>)
      at runWithTimeout [90m(file:///Users/r2/Desktop/robust-virtual-tour-builder/[39mnode_modules/[4m@vitest/runner[24m/dist/index.js:1209:10[90m)[39m
      at [90mfile:///Users/r2/Desktop/robust-virtual-tour-builder/[39mnode_modules/[4m@vitest/runner[24m/dist/index.js:1653:37
      at Traces.$ [90m(file:///Users/r2/Desktop/robust-virtual-tour-builder/[39mnode_modules/[4mvitest[24m/dist/chunks/traces.CCmnQaNT.js:142:27[90m)[39m
      at trace [90m(file:///Users/r2/Desktop/robust-virtual-tour-builder/[39mnode_modules/[4mvitest[24m/dist/chunks/test.B8ej_ZHS.js:239:21[90m)[39m
}

 [32m✓[39m tests/unit/ExifParser_v.test.bs.js [2m([22m[2m12 tests[22m[2m)[22m[32m 16[2mms[22m[39m
 [32m✓[39m tests/unit/Constants_v.test.bs.js [2m([22m[2m18 tests[22m[2m)[22m[32m 7[2mms[22m[39m
 [32m✓[39m tests/unit/LinkModal_v.test.bs.js [2m([22m[2m3 tests[22m[2m)[22m[32m 10[2mms[22m[39m
 [32m✓[39m tests/unit/UrlUtils_v.test.bs.js [2m([22m[2m6 tests[22m[2m)[22m[32m 10[2mms[22m[39m
 [32m✓[39m tests/unit/EventBus_v.test.bs.js [2m([22m[2m14 tests[22m[2m)[22m[32m 6[2mms[22m[39m
 [32m✓[39m tests/unit/HotspotManager_v.test.bs.js [2m([22m[2m6 tests[22m[2m)[22m[32m 21[2mms[22m[39m
 [32m✓[39m tests/unit/SceneReducer_v.test.bs.js [2m([22m[2m6 tests[22m[2m)[22m[32m 6[2mms[22m[39m
 [32m✓[39m tests/unit/UploadProcessorLogic_v.test.bs.js [2m([22m[2m9 tests[22m[2m)[22m[32m 8[2mms[22m[39m
 [32m✓[39m tests/unit/Actions_v.test.bs.js [2m([22m[2m46 tests[22m[2m)[22m[32m 9[2mms[22m[39m
 [32m✓[39m tests/unit/ImageOptimizer_v.test.bs.js [2m([22m[2m3 tests[22m[2m)[22m[32m 6[2mms[22m[39m
 [32m✓[39m tests/unit/BackendApi_v.test.bs.js [2m([22m[2m7 tests[22m[2m)[22m[32m 7[2mms[22m[39m
 [32m✓[39m tests/unit/RootReducer_v.test.bs.js [2m([22m[2m11 tests[22m[2m)[22m[32m 7[2mms[22m[39m
 [32m✓[39m tests/unit/PathInterpolation_v.test.bs.js [2m([22m[2m10 tests[22m[2m)[22m[32m 8[2mms[22m[39m
 [32m✓[39m tests/unit/HotspotReducer_v.test.bs.js [2m([22m[2m7 tests[22m[2m)[22m[32m 6[2mms[22m[39m
 [32m✓[39m tests/unit/Types_v.test.bs.js [2m([22m[2m17 tests[22m[2m)[22m[32m 6[2mms[22m[39m
 [32m✓[39m tests/unit/GeoUtils_v.test.bs.js [2m([22m[2m4 tests[22m[2m)[22m[32m 4[2mms[22m[39m
 [32m✓[39m tests/unit/Reducer_v.test.bs.js [2m([22m[2m7 tests[22m[2m)[22m[32m 3[2mms[22m[39m
 [32m✓[39m tests/unit/ServerTeaser_v.test.bs.js [2m([22m[2m4 tests[22m[2m)[22m[32m 7[2mms[22m[39m
 [32m✓[39m tests/unit/TeaserRecorder_v.test.bs.js [2m([22m[2m2 tests[22m[2m)[22m[32m 4[2mms[22m[39m
 [32m✓[39m tests/unit/Logger_v.test.bs.js [2m([22m[2m9 tests[22m[2m)[22m[32m 6[2mms[22m[39m
 [32m✓[39m tests/unit/HotspotLine_v.test.bs.js [2m([22m[2m6 tests[22m[2m)[22m[32m 3[2mms[22m[39m
 [32m✓[39m tests/unit/NavigationRenderer_v.test.bs.js [2m([22m[2m3 tests[22m[2m)[22m[32m 3[2mms[22m[39m
 [32m✓[39m tests/unit/TeaserPathfinder_v.test.bs.js [2m([22m[2m3 tests[22m[2m)[22m[32m 11[2mms[22m[39m
 [32m✓[39m tests/unit/ColorPalette_v.test.bs.js [2m([22m[2m12 tests[22m[2m)[22m[32m 5[2mms[22m[39m
 [32m✓[39m tests/unit/ProjectManager_v.test.bs.js [2m([22m[2m6 tests[22m[2m)[22m[32m 3[2mms[22m[39m
 [32m✓[39m tests/unit/ProjectData_v.test.bs.js [2m([22m[2m5 tests[22m[2m)[22m[32m 2[2mms[22m[39m
 [32m✓[39m tests/unit/State_v.test.bs.js [2m([22m[2m1 test[22m[2m)[22m[32m 1[2mms[22m[39m
 [32m✓[39m tests/unit/TourLogic_v.test.bs.js [2m([22m[2m6 tests[22m[2m)[22m[32m 5[2mms[22m[39m
 [32m✓[39m tests/unit/SimulationChainSkipper_v.test.bs.js [2m([22m[2m4 tests[22m[2m)[22m[32m 4[2mms[22m[39m
 [32m✓[39m tests/unit/TeaserManager_v.test.bs.js [2m([22m[2m2 tests[22m[2m)[22m[32m 5[2mms[22m[39m
 [32m✓[39m tests/unit/GlobalStateBridge_v.test.bs.js [2m([22m[2m4 tests[22m[2m)[22m[32m 6[2mms[22m[39m
 [32m✓[39m tests/unit/SimulationNavigation_v.test.bs.js [2m([22m[2m6 tests[22m[2m)[22m[32m 4[2mms[22m[39m
 [32m✓[39m tests/unit/Resizer_v.test.bs.js [2m([22m[2m6 tests[22m[2m)[22m[32m 9[2mms[22m[39m
 [32m✓[39m tests/unit/SharedTypes_v.test.bs.js [2m([22m[2m3 tests[22m[2m)[22m[32m 2[2mms[22m[39m
[90mstdout[2m | tests/unit/StateInspector_v.test.bs.js[2m > [22m[2mStateInspector[2m > [22m[2mexposeToWindow should attach store to window when enabled
[22m[39m🔍 State Inspector enabled. Access via window.store.state

[90mstdout[2m | tests/unit/StateInspector_v.test.bs.js[2m > [22m[2mStateInspector[2m > [22m[2mremoveFromWindow should remove store from window
[22m[39m🔒 State Inspector removed

[90mstdout[2m | tests/unit/StateInspector_v.test.bs.js[2m > [22m[2mStateInspector[2m > [22m[2mwindow.store.getFullState should return frozen state
[22m[39m🔍 State Inspector enabled. Access via window.store.state

[90mstderr[2m | tests/unit/StateInspector_v.test.bs.js[2m > [22m[2mStateInspector[2m > [22m[2mwindow.store.getFullState should return frozen state
[22m[39m⚠️ Accessing full state. This is for debugging only.

 [32m✓[39m tests/unit/StateInspector_v.test.bs.js [2m([22m[2m6 tests[22m[2m)[22m[32m 10[2mms[22m[39m
 [32m✓[39m tests/unit/LazyLoad_v.test.bs.js [2m([22m[2m4 tests[22m[2m)[22m[32m 3[2mms[22m[39m
 [32m✓[39m tests/unit/TimelineReducer_v.test.bs.js [2m([22m[2m6 tests[22m[2m)[22m[32m 15[2mms[22m[39m
 [32m✓[39m tests/unit/TourTemplateAssets_v.test.bs.js [2m([22m[2m2 tests[22m[2m)[22m[32m 1[2mms[22m[39m
 [32m✓[39m tests/unit/UploadReport_v.test.bs.js [2m([22m[2m6 tests[22m[2m)[22m[32m 2[2mms[22m[39m
 [32m✓[39m tests/unit/VersionData_v.test.bs.js [2m([22m[2m1 test[22m[2m)[22m[32m 2[2mms[22m[39m
 [32m✓[39m tests/unit/ProjectReducer_v.test.bs.js [2m([22m[2m17 tests[22m[2m)[22m[32m 8[2mms[22m[39m
 [32m✓[39m tests/unit/AppContext_v.test.bs.js [2m([22m[2m4 tests[22m[2m)[22m[32m 1[2mms[22m[39m
 [32m✓[39m tests/unit/HotspotLineTypes_v.test.bs.js [2m([22m[2m2 tests[22m[2m)[22m[32m 3[2mms[22m[39m
 [32m✓[39m tests/unit/UiReducer_v.test.bs.js [2m([22m[2m6 tests[22m[2m)[22m[32m 4[2mms[22m[39m
 [32m✓[39m tests/unit/TourTemplateScripts_v.test.bs.js [2m([22m[2m2 tests[22m[2m)[22m[32m 2[2mms[22m[39m
 [32m✓[39m tests/unit/SimulationPathGenerator_v.test.bs.js [2m([22m[2m5 tests[22m[2m)[22m[32m 5[2mms[22m[39m
 [32m✓[39m tests/unit/SimulationLogic_v.test.bs.js [2m([22m[2m9 tests[22m[2m)[22m[32m 6[2mms[22m[39m
 [32m✓[39m tests/unit/ServiceWorkerMain_v.test.bs.js [2m([22m[2m3 tests[22m[2m)[22m[32m 3[2mms[22m[39m
 [32m✓[39m tests/unit/Navigation_v.test.bs.js [2m([22m[2m6 tests[22m[2m)[22m[32m 6[2mms[22m[39m
 [32m✓[39m tests/unit/NavigationReducer_v.test.bs.js [2m([22m[2m11 tests[22m[2m)[22m[32m 7[2mms[22m[39m
 [32m✓[39m tests/unit/Version_v.test.bs.js [2m([22m[2m3 tests[22m[2m)[22m[32m 3[2mms[22m[39m
 [32m✓[39m tests/unit/ProgressBar_v.test.bs.js [2m([22m[2m8 tests[22m[2m)[22m[32m 6[2mms[22m[39m
 [32m✓[39m tests/unit/SimulationReducer_v.test.bs.js [2m([22m[2m9 tests[22m[2m)[22m[32m 5[2mms[22m[39m
 [32m✓[39m tests/unit/TourTemplateStyles_v.test.bs.js [2m([22m[2m2 tests[22m[2m)[22m[32m 3[2mms[22m[39m
 [32m✓[39m tests/unit/VitestSmoke.test.bs.js [2m([22m[2m2 tests[22m[2m)[22m[32m 2[2mms[22m[39m
 [32m✓[39m tests/unit/TourTemplates_v.test.bs.js [2m([22m[2m3 tests[22m[2m)[22m[32m 4[2mms[22m[39m
 [32m✓[39m tests/unit/JsonTypes_v.test.bs.js [2m([22m[2m11 tests[22m[2m)[22m[32m 5[2mms[22m[39m
 [32m✓[39m tests/unit/UploadProcessorTypes_v.test.bs.js [2m([22m[2m3 tests[22m[2m)[22m[32m 3[2mms[22m[39m
 [32m✓[39m tests/unit/SessionStore_v.test.bs.js [2m([22m[2m2 tests[22m[2m)[22m[32m 2[2mms[22m[39m
 [32m✓[39m tests/unit/ViewerLoader_v.test.bs.js [2m([22m[2m4 tests[22m[2m)[22m[32m 2[2mms[22m[39m
 [32m✓[39m tests/unit/ViewerState_v.test.bs.js [2m([22m[2m6 tests[22m[2m)[22m[32m 2[2mms[22m[39m
 [32m✓[39m tests/unit/ViewerTypes_v.test.bs.js [2m([22m[2m2 tests[22m[2m)[22m[32m 1[2mms[22m[39m
 [32m✓[39m tests/unit/NavigationController_v.test.bs.js [2m([22m[2m3 tests[22m[2m)[22m[32m 1[2mms[22m[39m
Not implemented: HTMLCanvasElement's getContext() method: without installing the canvas npm package
 [32m✓[39m tests/unit/Main_v.test.bs.js [2m([22m[2m5 tests[22m[2m)[22m[32m 1[2mms[22m[39m
 [32m✓[39m tests/unit/Mod_v.test.bs.js [2m([22m[2m1 test[22m[2m)[22m[32m 1[2mms[22m[39m
 [32m✓[39m tests/unit/ReBindings_v.test.bs.js [2m([22m[2m2 tests[22m[2m)[22m[32m 1[2mms[22m[39m

[2m Test Files [22m [1m[32m99 passed[39m[22m[90m (99)[39m
[2m      Tests [22m [1m[32m593 passed[39m[22m[90m (593)[39m
[2m   Start at [22m 09:48:44
[2m   Duration [22m 7.40s[2m (transform 1.25s, setup 2.32s, import 4.87s, tests 10.01s, environment 37.57s)[22m

