
> robust-virtual-tour-builder@4.3.0 test:frontend
> node --import ./tests/node-setup.js tests/TestRunner.bs.js

Root element #app not found
Starting Frontend Unit Tests...
Running GeoUtils tests...
✓ haversineDistance (London to Paris)
✓ haversineDistance (Same point)
✓ calculateAverageLocation with outliers
✓ calculateAverageLocation empty array
GeoUtils tests passed!
Running Logger tests...
✓ levelPriority passed
✓ Level string conversions passed
✓ timed operation passed
✓ attempt success path passed
✓ attempt failure path passed
✓ Logger: Module logic verified
Running SimulationSystem tests...
✓ StartAutoPilot
✓ StopAutoPilot
✓ AddVisitedScene
✓ IncrementJourneyId
SimulationSystem tests passed!
Running InputSystem tests...
✓ Escape key detection
✓ Debug toggle key combination detection
✓ Debug toggle lowercase key detection
✓ TRACE level shortcut detection
✓ DEBUG level shortcut detection
✓ INFO level shortcut detection
✓ Modal priority list structure
✓ Close button selector pattern
✓ Fallback cancel button selector pattern
✓ Handled flag pattern
✓ Early exit pattern with handled flag
✓ Key combination validation logic
✓ Context menu ID constant
✓ Modal container special handling selectors
✓ Escape handling priority order
InputSystem tests passed!
Running TourLogic tests...
✓ sanitizeName
✓ generateLinkId
✓ computeSceneFilename
✓ validateTourIntegrity
TourLogic tests passed!
Running PathInterpolation tests...
✓ normalizeYaw
✓ interpolateCatmullRom boundaries
✓ getCatmullRomSpline wrap around
PathInterpolation tests passed!
Running Reducer tests...
✓ SetActiveScene within bounds
✓ SetActiveScene out of bounds
✓ SetTourName
✓ AddHotspot
✓ DeleteScene
✓ LoadProject valid JSON
✓ SyncSceneNames (Label to filename)
Reducer tests passed!
Running ReducerHelpers tests (Obj.magic elimination verification)...
✓ Parse full project structure
✓ Parse minimal project structure
✓ Parse timeline item
✓ insertAt helper
✓ syncSceneNames logic
✓ handleDeleteScene logic
✓ handleAddScenes logic
✓ handleUpdateSceneMetadata logic
✓ handleUpdateTimelineStep logic
Running JsonTypes tests...
✓ decodeProject with valid data
✓ decodeProject rejects non-object
✓ decodeProject rejects array
✓ decodeImportScene with valid data
✓ decodeImportScene rejects number
✓ decodeImportScene rejects string
✓ decodeTimelineItem with valid data
✓ decodeTimelineItem rejects null
✓ decodeTimelineItem rejects boolean
✓ decodeProject with multiple scenes
✓ decodeImportScene with optional fields
✓ All JsonTypes tests passed
Running SceneReducer tests...
✓ SetActiveScene passed
✓ DeleteScene passed
✓ Unhandled action ignored correctly
SceneReducer tests completed.
Running HotspotReducer tests...
✓ AddHotspot passed
✓ RemoveHotspot passed
HotspotReducer tests completed.
Running ExifParser tests...
✓ getCameraSignature passed (formatted string)
✓ getCameraSignature passed (missing data)
ExifParser tests completed.
Running AudioManager tests...
✓ AudioManager: init() verified
✓ AudioManager: playTick() verified
✓ AudioManager: setupGlobalClickSounds verified
✓ AudioManager tests passed
Running ExifReportGenerator tests...
✓ generateProjectName passed (full info)
✓ generateProjectName passed (no info)
✓ generateProjectName passed (invalid date prefix)
Running SharedTypes tests...
✓ gPanoMetadata structure verified
✓ metadataResponse JSON mapping verified (@as checks)
✓ validationReport JSON mapping verified
Running ReBindings tests...
✓ ReBindings: Module loaded and bindings verified
Running BackendApi tests...
✓ BackendApi: Module loaded successfully
Running ProjectManager tests...
✓ ProjectManager: Module loaded
Running DownloadSystem tests...
  saveBlob executed without error
  saveBlobWithConfirmation (fallback) executed
✓ DownloadSystem tests passed
Running ProjectData tests...
✓ ProjectData tests passed
Running Resizer tests...
✓ Resizer: Module loaded
Running UploadProcessor tests...
✓ UploadProcessor: Module loaded
Running VideoEncoder tests...
✓ transcodeWebMToMP4 function exists and is accessible
✓ Progress callback type is valid
✓ Optional callback parameter handling verified
✓ Small blob size validation test setup correct
✓ Small blob would be rejected (< 1024 bytes)
✓ Blob type checking works correctly
✓ FormData creation verified
✓ FormData.appendWithFilename binding exists (browser-only feature)
✓ Constants.backendUrl is accessible
✓ Date.now() timing works correctly
✓ Promise type compatibility verified
✓ Fetch API availability verified
✓ Blob.size returns numeric value
✓ VideoEncoder: All tests passed
Running TeaserManager tests...
✓ TeaserManager: Configurations verified
Running TeaserRecorder tests...
✓ getRecordedBlobs passed (initial empty)
ℹ setFadeOpacity skipped (DOM required)
✓ TeaserRecorder: Module loaded and basic functions verified
Running TourTemplateAssets tests...
✓ TourTemplateAssets: generateExportIndex verified
✓ TourTemplateAssets: generateEmbedCodes verified
Running TourTemplateScripts tests...
✓ TourTemplateScripts: generateRenderScript verified
Running TourTemplateStyles tests...
✓ TourTemplateStyles: generateCSS Desktop 4K verified
✓ TourTemplateStyles: generateCSS Mobile HD verified
Running TourTemplates tests...
Test: generateTourHTML basic structure
Test: generateTourHTML with no logo
✓ TourTemplates tests pass
Running Exporter tests...
✓ Exporter tests passed
Running LazyLoad tests...
✓ LazyLoad tests passed
Running ProgressBar tests...
✓ updateProgressBar: updates width, percentage (rounded), and text
✓ updateProgressBar: clamps values > 100
✓ updateProgressBar: clamps values < 0
✓ updateProgressBar: handles visible=false
✓ updateProgressBar: updates title when provided
✓ All ProgressBar tests passed
Running StateInspector tests...
✓ StateInspector: createSnapshot verified
Running ServiceWorker tests...
✓ ServiceWorker.registerServiceWorker function exists
✓ ServiceWorker.unregisterServiceWorker function exists
✓ ServiceWorker external bindings verified
✓ registerServiceWorker handles environment gracefully
✓ unregisterServiceWorker handles environment gracefully
✓ ServiceWorker: All tests passed
Running Navigation tests...
✓ findSceneByName
✓ getNextScene
✓ getPreviousScene
✓ calculatePathData
✓ calculateSmartArrivalTarget
✓ calculatePathData with empty state
Navigation tests passed!
Running NavigationRenderer tests...
  Testing Start Journey...
    Pass: Start position set
  Testing Interpolation...
    Pass: Interpolation 50% correct
    Pass: End position reached
  Testing Cancellation...
    Pass: Cancellation handled safely
✓ NavigationRenderer tests passed
Running Main tests...
✓ Navigator.userAgent binding exists
✓ Screen.width binding exists
✓ JsError.message works correctly
✓ JsError.name works correctly
✓ UnhandledRejectionEvent.isError works for Error objects
✓ UnhandledRejectionEvent.isError works for non-Error objects
✓ ViewerClickEvent.detail access works correctly
✓ Main.init function exists and is accessible
✓ Main: All tests passed
Running ViewerLoader tests...
✓ getPanoramaUrl
✓ initializeViewer
✓ destroyViewer
✓ getComputedOpacity (including null)
✓ getPanoramaUrl edge cases
ViewerLoader tests passed!
Running Actions tests...
✓ SetPreloadingScene passed
✓ SetLinkDraft(None) passed
✓ SetLinkDraft(Some) passed
✓ SetIsLinking(true) passed
✓ SetIsLinking(false) passed
✓ SetIsTeasing(true) passed
✓ SetTourName passed
✓ AddScenes passed
✓ SetActiveScene passed
✓ AddHotspot passed
✓ RemoveHotspot passed
✓ ReorderScenes passed
✓ ClearHotspots passed
✓ DeleteScene passed
✓ RemoveDeletedSceneId passed
✓ SyncSceneNames passed
✓ ApplyLazyRename passed
✓ UpdateSceneMetadata passed
✓ UpdateHotspotTargetView passed
✓ UpdateHotspotReturnView passed
✓ ToggleHotspotReturnLink passed
✓ AddToTimeline passed
✓ SetActiveTimelineStep(Some) passed
✓ SetActiveTimelineStep(None) passed
✓ RemoveFromTimeline passed
✓ ReorderTimeline passed
✓ UpdateTimelineStep passed
✓ LoadProject passed
✓ Reset passed
✓ SetSimulationMode passed
✓ SetNavigationStatus passed
✓ SetIncomingLink passed
✓ ResetAutoForwardChain passed
✓ AddToAutoForwardChain passed
✓ SetPendingReturnSceneName(Some) passed
✓ SetPendingReturnSceneName(None) passed
✓ IncrementJourneyId passed
✓ SetCurrentJourneyId passed
✓ NavigationCompleted passed
✓ SetExifReport passed
✓ Actions: Module logic verified
Running GlobalStateBridge tests...
✓ Initial state is correct
✓ setState and getState work
✓ subscribe and notification work
✓ setDispatch and dispatch work
GlobalStateBridge tests passed!
Running RootReducer tests...
Test 1: SceneReducer actions
✓ SceneReducer action handled correctly
Test 2: HotspotReducer actions
✓ HotspotReducer action handled correctly
Test 3: UiReducer actions
✓ UiReducer action handled correctly
Test 4: NavigationReducer actions
✓ NavigationReducer action handled correctly
Test 5: TimelineReducer actions
✓ TimelineReducer action handled correctly
Test 6: ProjectReducer actions
✓ ProjectReducer action handled correctly
Test 7: Reducer composition order
✓ Reducer composition order correct
Test 8: Multiple reducer types in sequence
✓ Multiple reducer types work in sequence
Test 9: State immutability
✓ State immutability preserved
Test 10: Navigation status changes
✓ Navigation status changes handled
Test 11: Journey ID increment
✓ Journey ID increment handled
Test 12: Reset action
✓ Reset action handled
RootReducer tests completed.
Running ProjectReducer tests...
Test 1: SetTourName sanitizes the name
✓ SetTourName sanitizes correctly
Test 2: SetTourName handles empty string
✓ SetTourName handles empty string
Test 3: SetTourName handles special characters
✓ SetTourName handles special characters
Test 4: SetTourName respects maxLength
✓ SetTourName respects maxLength
Test 5: LoadProject parses project data
✓ LoadProject parses project data
Test 6: LoadProject handles missing tourName
✓ LoadProject handles missing tourName
Test 7: Reset returns initial state
✓ Reset returns initial state
Test 8: SetExifReport sets the report
✓ SetExifReport sets the report
Test 9: RemoveDeletedSceneId removes the ID
✓ RemoveDeletedSceneId removes the ID
Test 10: RemoveDeletedSceneId handles non-existent ID
✓ RemoveDeletedSceneId handles non-existent ID
Test 11: Unhandled action returns None
✓ Unhandled action returns None
Test 12: State immutability
✓ State immutability preserved
Test 13: SetTourName preserves other state fields
✓ SetTourName preserves other state fields
Test 14: SetExifReport replaces existing report
✓ SetExifReport replaces existing report
Test 15: RemoveDeletedSceneId with empty array
✓ RemoveDeletedSceneId with empty array
ProjectReducer tests completed.
Running NavigationReducer tests...
Test 1: SetSimulationMode enables simulation mode
✓ SetSimulationMode enables simulation mode correctly
Test 2: SetSimulationMode disables simulation mode
✓ SetSimulationMode disables simulation mode correctly
Test 3: SetNavigationStatus updates navigation status
✓ SetNavigationStatus updates to Navigating
Test 4: SetNavigationStatus to Idle
✓ SetNavigationStatus updates to Idle
Test 5: SetIncomingLink sets incoming link
✓ SetIncomingLink sets incoming link correctly
Test 6: SetIncomingLink clears incoming link
✓ SetIncomingLink clears incoming link correctly
Test 7: ResetAutoForwardChain clears chain
✓ ResetAutoForwardChain clears chain correctly
Test 8: AddToAutoForwardChain adds new index
✓ AddToAutoForwardChain adds new index correctly
Test 9: AddToAutoForwardChain prevents duplicates
✓ AddToAutoForwardChain prevents duplicates correctly
Test 10: AddToAutoForwardChain appends to existing chain
✓ AddToAutoForwardChain appends correctly
Test 11: SetPendingReturnSceneName sets scene name
✓ SetPendingReturnSceneName sets scene name correctly
Test 12: SetPendingReturnSceneName clears scene name
✓ SetPendingReturnSceneName clears scene name correctly
Test 13: IncrementJourneyId increments ID
✓ IncrementJourneyId increments ID correctly
Test 14: SetCurrentJourneyId sets specific ID
✓ SetCurrentJourneyId sets ID correctly
Test 15: NavigationCompleted with matching journey ID (preview)
✓ NavigationCompleted with preview mode handled correctly
Test 16: NavigationCompleted with matching journey ID (non-preview)
✓ NavigationCompleted with non-preview mode handled correctly
Test 17: NavigationCompleted with mismatched journey ID
✓ NavigationCompleted with mismatched journey ID ignored correctly
Test 18: Unhandled action returns None
✓ Unhandled action returns None correctly
Test 19: State immutability
✓ State immutability preserved
Test 20: NavigationCompleted transition field
✓ NavigationCompleted transition field set correctly
NavigationReducer tests completed.
Running EventBus tests...
✓ Basic subscription and dispatch
✓ Unsubscribe prevents further events
✓ Multiple subscribers receive events
✓ Selective unsubscribe works correctly
EventBus Error: Error: Intentional test error
    at Module.throwWithMessage (file:///Users/r2/Desktop/robust-virtual-tour-builder/node_modules/@rescript/runtime/lib/es6/Stdlib_JsError.js:5:9)
    at file:///Users/r2/Desktop/robust-virtual-tour-builder/tests/unit/EventBusTest.bs.js:96:20
    at file:///Users/r2/Desktop/robust-virtual-tour-builder/src/systems/EventBus.bs.js:20:14
    at Module.forEach (file:///Users/r2/Desktop/robust-virtual-tour-builder/node_modules/@rescript/runtime/lib/es6/Belt_Array.js:275:5)
    at Module.dispatch (file:///Users/r2/Desktop/robust-virtual-tour-builder/src/systems/EventBus.bs.js:18:14)
    at Module.run (file:///Users/r2/Desktop/robust-virtual-tour-builder/tests/unit/EventBusTest.bs.js:101:12)
    at file:///Users/r2/Desktop/robust-virtual-tour-builder/tests/TestRunner.bs.js:144:14
    at ModuleJob.run (node:internal/modules/esm/module_job:413:25)
    at async onImport.tracePromise.__proto__ (node:internal/modules/esm/loader:654:26)
    at async asyncRunEntryPointWithESMLoader (node:internal/modules/run_main:101:5)
✓ Error in callback doesn't affect other subscribers
✓ Different event types dispatched correctly
✓ NavProgress event with payload
✓ ShowNotification with different severity levels
✓ SceneArrived event with scene name
✓ LinkPreviewStart event with URL
✓ NavStart event with complex payload
✓ ShowModal event with modal config
✓ Dispatching with no subscribers doesn't cause errors
✓ Resubscribe after unsubscribe works
✓ EventBus: Module logic verified
Running TimelineReducer tests...
✓ AddToTimeline passed
✓ SetActiveTimelineStep passed
✓ UpdateTimelineStep passed
✓ ReorderTimeline passed
✓ RemoveFromTimeline passed
✓ Fallthrough passed
TimelineReducer tests completed.
Running SimulationNavigation tests...
✓ Priority 1 passed
✓ Priority 2 passed
✓ Priority 3 passed
✓ Priority 4 passed
✓ Priority 5 (revisit non-return) passed
✓ Empty hotspots handled
✓ SimulationNavigation: Module logic verified
Running SimulationChainSkipper tests...
✓ Should return original link if target is not auto-forward
✓ Should skip one auto-forward scene
✓ Should skip multiple auto-forward scenes
✓ Should stop at dead end
Running SimulationPathGenerator tests...
✓ Handles empty state correctly
✓ Generates simple path
✓ Handles auto-forward skip logic
✓ Prevents infinite loops
SimulationPathGenerator tests passed!
Running TeaserPathfinder tests...
✓ Functions getWalkPath and getTimelinePath exist
✓ getWalkPath calls BackendApi.calculatePath with correct payload
✓ getTimelinePath calls BackendApi.calculatePath with correct payload
TeaserPathfinder tests passed!
Running ServerTeaserTest...
Test 1: Validate Request Generation
file:///Users/r2/Desktop/robust-virtual-tour-builder/tests/unit/ServerTeaserTest.bs.js:99
    let url = (arguments[0][0]);
                           ^

TypeError: Cannot read properties of undefined (reading '0')
    at file:///Users/r2/Desktop/robust-virtual-tour-builder/tests/unit/ServerTeaserTest.bs.js:99:28
    at Module.getBy (file:///Users/r2/Desktop/robust-virtual-tour-builder/node_modules/@rescript/runtime/lib/es6/Belt_Array.js:298:9)
    at Module.run (file:///Users/r2/Desktop/robust-virtual-tour-builder/tests/unit/ServerTeaserTest.bs.js:98:33)
    at file:///Users/r2/Desktop/robust-virtual-tour-builder/tests/TestRunner.bs.js:156:18
    at ModuleJob.run (node:internal/modules/esm/module_job:413:25)
    at async onImport.tracePromise.__proto__ (node:internal/modules/esm/loader:654:26)
    at async asyncRunEntryPointWithESMLoader (node:internal/modules/run_main:101:5)

Node.js v25.2.1
